2025-09-07T15:06:09.7610295Z Current runner version: '2.328.0'
2025-09-07T15:06:09.7641951Z ##[group]Runner Image Provisioner
2025-09-07T15:06:09.7643212Z Hosted Compute Agent
2025-09-07T15:06:09.7644147Z Version: 20250829.383
2025-09-07T15:06:09.7645307Z Commit: 27cb235aab5b0e52e153a26cd86b4742e89dac5d
2025-09-07T15:06:09.7646724Z Build Date: 2025-08-29T13:48:48Z
2025-09-07T15:06:09.7647668Z ##[endgroup]
2025-09-07T15:06:09.7648580Z ##[group]Operating System
2025-09-07T15:06:09.7649565Z Ubuntu
2025-09-07T15:06:09.7650332Z 24.04.3
2025-09-07T15:06:09.7651258Z LTS
2025-09-07T15:06:09.7652011Z ##[endgroup]
2025-09-07T15:06:09.7652880Z ##[group]Runner Image
2025-09-07T15:06:09.7654071Z Image: ubuntu-24.04
2025-09-07T15:06:09.7654990Z Version: 20250831.1.0
2025-09-07T15:06:09.7656990Z Included Software: https://github.com/actions/runner-images/blob/ubuntu24/20250831.1/images/ubuntu/Ubuntu2404-Readme.md
2025-09-07T15:06:09.7659793Z Image Release: https://github.com/actions/runner-images/releases/tag/ubuntu24%2F20250831.1
2025-09-07T15:06:09.7661681Z ##[endgroup]
2025-09-07T15:06:09.7663668Z ##[group]GITHUB_TOKEN Permissions
2025-09-07T15:06:09.7666661Z Contents: read
2025-09-07T15:06:09.7667712Z Metadata: read
2025-09-07T15:06:09.7668532Z Packages: read
2025-09-07T15:06:09.7669376Z ##[endgroup]
2025-09-07T15:06:09.7672125Z Secret source: Actions
2025-09-07T15:06:09.7673182Z Prepare workflow directory
2025-09-07T15:06:09.8325791Z Prepare all required actions
2025-09-07T15:06:09.8379961Z Getting action download info
2025-09-07T15:06:10.1706594Z Download action repository 'actions/checkout@v4' (SHA:08eba0b27e820071cde6df949e0beb9ba4906955)
2025-09-07T15:06:10.4704928Z Download action repository 'actions/setup-node@v4' (SHA:49933ea5288caeca8642d1e84afbd3f7d6820020)
2025-09-07T15:06:10.7333618Z Complete job name: e2e
2025-09-07T15:06:10.7933451Z ##[group]Run actions/checkout@v4
2025-09-07T15:06:10.7934245Z with:
2025-09-07T15:06:10.7934713Z   repository: johndtwaldron/EthVault-QA-task1-jdw-PoW
2025-09-07T15:06:10.7935682Z   token: ***
2025-09-07T15:06:10.7936187Z   ssh-strict: true
2025-09-07T15:06:10.7936571Z   ssh-user: git
2025-09-07T15:06:10.7936960Z   persist-credentials: true
2025-09-07T15:06:10.7937388Z   clean: true
2025-09-07T15:06:10.7937764Z   sparse-checkout-cone-mode: true
2025-09-07T15:06:10.7938235Z   fetch-depth: 1
2025-09-07T15:06:10.7938605Z   fetch-tags: false
2025-09-07T15:06:10.7938987Z   show-progress: true
2025-09-07T15:06:10.7939372Z   lfs: false
2025-09-07T15:06:10.7939717Z   submodules: false
2025-09-07T15:06:10.7940101Z   set-safe-directory: true
2025-09-07T15:06:10.7940792Z env:
2025-09-07T15:06:10.7941178Z   APP_URL: http://localhost:3000
2025-09-07T15:06:10.7941628Z ##[endgroup]
2025-09-07T15:06:10.8981902Z Syncing repository: johndtwaldron/EthVault-QA-task1-jdw-PoW
2025-09-07T15:06:10.8983717Z ##[group]Getting Git version info
2025-09-07T15:06:10.8984599Z Working directory is '/home/runner/work/EthVault-QA-task1-jdw-PoW/EthVault-QA-task1-jdw-PoW'
2025-09-07T15:06:10.8986141Z [command]/usr/bin/git version
2025-09-07T15:06:10.9058781Z git version 2.51.0
2025-09-07T15:06:10.9083923Z ##[endgroup]
2025-09-07T15:06:10.9103754Z Temporarily overriding HOME='/home/runner/work/_temp/dc0ebeba-5365-471d-b0ab-876690a12e3e' before making global git config changes
2025-09-07T15:06:10.9105086Z Adding repository directory to the temporary git global config as a safe directory
2025-09-07T15:06:10.9109092Z [command]/usr/bin/git config --global --add safe.directory /home/runner/work/EthVault-QA-task1-jdw-PoW/EthVault-QA-task1-jdw-PoW
2025-09-07T15:06:10.9142863Z Deleting the contents of '/home/runner/work/EthVault-QA-task1-jdw-PoW/EthVault-QA-task1-jdw-PoW'
2025-09-07T15:06:10.9146130Z ##[group]Initializing the repository
2025-09-07T15:06:10.9150342Z [command]/usr/bin/git init /home/runner/work/EthVault-QA-task1-jdw-PoW/EthVault-QA-task1-jdw-PoW
2025-09-07T15:06:10.9251179Z hint: Using 'master' as the name for the initial branch. This default branch name
2025-09-07T15:06:10.9252570Z hint: is subject to change. To configure the initial branch name to use in all
2025-09-07T15:06:10.9253819Z hint: of your new repositories, which will suppress this warning, call:
2025-09-07T15:06:10.9254710Z hint:
2025-09-07T15:06:10.9256097Z hint: 	git config --global init.defaultBranch <name>
2025-09-07T15:06:10.9257080Z hint:
2025-09-07T15:06:10.9258072Z hint: Names commonly chosen instead of 'master' are 'main', 'trunk' and
2025-09-07T15:06:10.9259670Z hint: 'development'. The just-created branch can be renamed via this command:
2025-09-07T15:06:10.9260935Z hint:
2025-09-07T15:06:10.9261619Z hint: 	git branch -m <name>
2025-09-07T15:06:10.9262437Z hint:
2025-09-07T15:06:10.9263488Z hint: Disable this message with "git config set advice.defaultBranchName false"
2025-09-07T15:06:10.9265849Z Initialized empty Git repository in /home/runner/work/EthVault-QA-task1-jdw-PoW/EthVault-QA-task1-jdw-PoW/.git/
2025-09-07T15:06:10.9269911Z [command]/usr/bin/git remote add origin https://github.com/johndtwaldron/EthVault-QA-task1-jdw-PoW
2025-09-07T15:06:10.9307093Z ##[endgroup]
2025-09-07T15:06:10.9308295Z ##[group]Disabling automatic garbage collection
2025-09-07T15:06:10.9311778Z [command]/usr/bin/git config --local gc.auto 0
2025-09-07T15:06:10.9340189Z ##[endgroup]
2025-09-07T15:06:10.9341384Z ##[group]Setting up auth
2025-09-07T15:06:10.9347944Z [command]/usr/bin/git config --local --name-only --get-regexp core\.sshCommand
2025-09-07T15:06:10.9377891Z [command]/usr/bin/git submodule foreach --recursive sh -c "git config --local --name-only --get-regexp 'core\.sshCommand' && git config --local --unset-all 'core.sshCommand' || :"
2025-09-07T15:06:10.9798314Z [command]/usr/bin/git config --local --name-only --get-regexp http\.https\:\/\/github\.com\/\.extraheader
2025-09-07T15:06:10.9828285Z [command]/usr/bin/git submodule foreach --recursive sh -c "git config --local --name-only --get-regexp 'http\.https\:\/\/github\.com\/\.extraheader' && git config --local --unset-all 'http.https://github.com/.extraheader' || :"
2025-09-07T15:06:11.0043073Z [command]/usr/bin/git config --local http.https://github.com/.extraheader AUTHORIZATION: basic ***
2025-09-07T15:06:11.0077369Z ##[endgroup]
2025-09-07T15:06:11.0078643Z ##[group]Fetching the repository
2025-09-07T15:06:11.0086649Z [command]/usr/bin/git -c protocol.version=2 fetch --no-tags --prune --no-recurse-submodules --depth=1 origin +6836d76cab7b54ad355cfae2f5c42207a810a51e:refs/remotes/origin/main
2025-09-07T15:06:13.4256352Z From https://github.com/johndtwaldron/EthVault-QA-task1-jdw-PoW
2025-09-07T15:06:13.4257883Z  * [new ref]         6836d76cab7b54ad355cfae2f5c42207a810a51e -> origin/main
2025-09-07T15:06:13.4287256Z ##[endgroup]
2025-09-07T15:06:13.4289252Z ##[group]Determining the checkout info
2025-09-07T15:06:13.4291512Z ##[endgroup]
2025-09-07T15:06:13.4295156Z [command]/usr/bin/git sparse-checkout disable
2025-09-07T15:06:13.4335049Z [command]/usr/bin/git config --local --unset-all extensions.worktreeConfig
2025-09-07T15:06:13.4363273Z ##[group]Checking out the ref
2025-09-07T15:06:13.4367061Z [command]/usr/bin/git checkout --progress --force -B main refs/remotes/origin/main
2025-09-07T15:06:13.7908665Z Switched to a new branch 'main'
2025-09-07T15:06:13.7910299Z branch 'main' set up to track 'origin/main'.
2025-09-07T15:06:13.7948732Z ##[endgroup]
2025-09-07T15:06:13.7986121Z [command]/usr/bin/git log -1 --format=%H
2025-09-07T15:06:13.8009791Z 6836d76cab7b54ad355cfae2f5c42207a810a51e
2025-09-07T15:06:13.8219367Z ##[group]Run actions/setup-node@v4
2025-09-07T15:06:13.8219705Z with:
2025-09-07T15:06:13.8219918Z   node-version: 20
2025-09-07T15:06:13.8220137Z   always-auth: false
2025-09-07T15:06:13.8220355Z   check-latest: false
2025-09-07T15:06:13.8220720Z   token: ***
2025-09-07T15:06:13.8220913Z env:
2025-09-07T15:06:13.8221133Z   APP_URL: http://localhost:3000
2025-09-07T15:06:13.8221405Z ##[endgroup]
2025-09-07T15:06:14.1294925Z Found in cache @ /opt/hostedtoolcache/node/20.19.4/x64
2025-09-07T15:06:14.1301672Z ##[group]Environment details
2025-09-07T15:06:18.5884711Z node: v20.19.4
2025-09-07T15:06:18.5885150Z npm: 10.8.2
2025-09-07T15:06:18.5886280Z yarn: 1.22.22
2025-09-07T15:06:18.5887738Z ##[endgroup]
2025-09-07T15:06:18.5997713Z ##[group]Run npm ci || npm install
2025-09-07T15:06:18.5998086Z [36;1mnpm ci || npm install[0m
2025-09-07T15:06:18.6300561Z shell: /usr/bin/bash -e {0}
2025-09-07T15:06:18.6300833Z env:
2025-09-07T15:06:18.6301048Z   APP_URL: http://localhost:3000
2025-09-07T15:06:18.6301288Z ##[endgroup]
2025-09-07T15:06:24.0378261Z npm error code EUSAGE
2025-09-07T15:06:24.0378714Z npm error
2025-09-07T15:06:24.0379359Z npm error The `npm ci` command can only install with an existing package-lock.json or
2025-09-07T15:06:24.0380218Z npm error npm-shrinkwrap.json with lockfileVersion >= 1. Run an install with npm@5 or
2025-09-07T15:06:24.0380973Z npm error later to generate a package-lock.json file, then try again.
2025-09-07T15:06:24.0381437Z npm error
2025-09-07T15:06:24.0381753Z npm error Clean install a project
2025-09-07T15:06:24.0382058Z npm error
2025-09-07T15:06:24.0382282Z npm error Usage:
2025-09-07T15:06:24.0382550Z npm error npm ci
2025-09-07T15:06:24.0382773Z npm error
2025-09-07T15:06:24.0383062Z npm error Options:
2025-09-07T15:06:24.0383623Z npm error [--install-strategy <hoisted|nested|shallow|linked>] [--legacy-bundling]
2025-09-07T15:06:24.0384445Z npm error [--global-style] [--omit <dev|optional|peer> [--omit <dev|optional|peer> ...]]
2025-09-07T15:06:24.0385257Z npm error [--include <prod|dev|optional|peer> [--include <prod|dev|optional|peer> ...]]
2025-09-07T15:06:24.0386247Z npm error [--strict-peer-deps] [--foreground-scripts] [--ignore-scripts] [--no-audit]
2025-09-07T15:06:24.0387096Z npm error [--no-bin-links] [--no-fund] [--dry-run]
2025-09-07T15:06:24.0387728Z npm error [-w|--workspace <workspace-name> [-w|--workspace <workspace-name> ...]]
2025-09-07T15:06:24.0388280Z npm error [-ws|--workspaces] [--include-workspace-root] [--install-links]
2025-09-07T15:06:24.0388629Z npm error
2025-09-07T15:06:24.0388979Z npm error aliases: clean-install, ic, install-clean, isntall-clean
2025-09-07T15:06:24.0389312Z npm error
2025-09-07T15:06:24.0389657Z npm error Run "npm help ci" for more info
2025-09-07T15:06:24.0390726Z npm error A complete log of this run can be found in: /home/runner/.npm/_logs/2025-09-07T15_06_18_693Z-debug-0.log
2025-09-07T15:06:42.4115051Z npm warn ERESOLVE overriding peer dependency
2025-09-07T15:06:42.4302162Z npm warn ERESOLVE overriding peer dependency
2025-09-07T15:06:50.1081821Z npm warn ERESOLVE overriding peer dependency
2025-09-07T15:06:53.6257632Z npm warn deprecated are-we-there-yet@3.0.1: This package is no longer supported.
2025-09-07T15:06:53.6903367Z npm warn deprecated @npmcli/move-file@1.1.2: This functionality has been moved to @npmcli/fs
2025-09-07T15:06:53.7254850Z npm warn deprecated gauge@4.0.4: This package is no longer supported.
2025-09-07T15:06:53.7389488Z npm warn deprecated rimraf@3.0.2: Rimraf versions prior to v4 are no longer supported
2025-09-07T15:06:53.7650068Z npm warn deprecated npmlog@6.0.2: This package is no longer supported.
2025-09-07T15:06:53.7766179Z npm warn deprecated inflight@1.0.6: This module is not supported, and leaks memory. Do not use it. Check out lru-cache if you want a good and tested way to coalesce async requests by a key value, which is much more comprehensive and powerful.
2025-09-07T15:06:53.7964714Z npm warn deprecated glob@7.2.3: Glob versions prior to v9 are no longer supported
2025-09-07T15:06:53.9621597Z npm warn deprecated har-validator@5.1.5: this library is no longer supported
2025-09-07T15:06:54.1943745Z npm warn deprecated deferred-leveldown@0.2.0: Superseded by abstract-level (https://github.com/Level/community#faq)
2025-09-07T15:06:54.6296561Z npm warn deprecated abstract-leveldown@0.12.4: Superseded by abstract-level (https://github.com/Level/community#faq)
2025-09-07T15:06:54.8263006Z npm warn deprecated q@1.5.1: You or someone you depend on is using Q, the JavaScript Promise library that gave JavaScript developers strong feelings about promises. They can almost certainly migrate to the native JavaScript promise now. Thank you literally everyone for joining me in this bet against the odds. Be excellent to each other.
2025-09-07T15:06:54.8264483Z npm warn deprecated
2025-09-07T15:06:54.8264981Z npm warn deprecated (For a CapTP with native promises, see @endo/eventual-send and @endo/captp)
2025-09-07T15:06:54.8798210Z npm warn deprecated level-js@2.2.4: Superseded by browser-level (https://github.com/Level/community#faq)
2025-09-07T15:06:55.4636589Z npm warn deprecated request@2.88.2: request has been deprecated, see https://github.com/request/request/issues/3142
2025-09-07T15:06:55.5946030Z npm warn deprecated levelup@0.18.6: Superseded by abstract-level (https://github.com/Level/community#faq)
2025-09-07T15:06:55.7507202Z npm warn deprecated object-keys@0.2.0: Please update to the latest object-keys
2025-09-07T15:06:55.9202361Z npm warn deprecated uuid@3.4.0: Please upgrade  to version 7 or higher.  Older versions may use Math.random() in certain circumstances, which is known to be problematic.  See https://v8.dev/blog/math-random for details.
2025-09-07T15:07:11.3851398Z 
2025-09-07T15:07:11.3852302Z added 665 packages, and audited 666 packages in 47s
2025-09-07T15:07:11.3852660Z 
2025-09-07T15:07:11.3852890Z 83 packages are looking for funding
2025-09-07T15:07:11.3853225Z   run `npm fund` for details
2025-09-07T15:07:11.4327703Z 
2025-09-07T15:07:11.4328259Z 10 vulnerabilities (3 moderate, 5 high, 2 critical)
2025-09-07T15:07:11.4328699Z 
2025-09-07T15:07:11.4329113Z To address all issues possible, run:
2025-09-07T15:07:11.4329611Z   npm audit fix --force
2025-09-07T15:07:11.4329861Z 
2025-09-07T15:07:11.4330191Z Some issues need review, and may require choosing
2025-09-07T15:07:11.4330756Z a different dependency.
2025-09-07T15:07:11.4331007Z 
2025-09-07T15:07:11.4331273Z Run `npm audit` for details.
2025-09-07T15:07:11.4684204Z ##[group]Run npx playwright install --with-deps
2025-09-07T15:07:11.4684580Z [36;1mnpx playwright install --with-deps[0m
2025-09-07T15:07:11.4715170Z shell: /usr/bin/bash -e {0}
2025-09-07T15:07:11.4715592Z env:
2025-09-07T15:07:11.4715791Z   APP_URL: http://localhost:3000
2025-09-07T15:07:11.4716045Z ##[endgroup]
2025-09-07T15:07:12.9664438Z npm warn exec The following package was not found and will be installed: playwright@1.55.0
2025-09-07T15:07:14.9673469Z ╔═══════════════════════════════════════════════════════════════════════════════╗
2025-09-07T15:07:14.9674992Z ║ WARNING: It looks like you are running 'npx playwright install' without first ║
2025-09-07T15:07:14.9676813Z ║ installing your project's dependencies.                                       ║
2025-09-07T15:07:14.9677830Z ║                                                                               ║
2025-09-07T15:07:14.9678886Z ║ To avoid unexpected behavior, please install your dependencies first, and     ║
2025-09-07T15:07:14.9680246Z ║ then run Playwright's install command:                                        ║
2025-09-07T15:07:14.9745705Z ║                                                                               ║
2025-09-07T15:07:14.9746766Z ║     npm install                                                               ║
2025-09-07T15:07:14.9747744Z ║     npx playwright install                                                    ║
2025-09-07T15:07:14.9748783Z ║                                                                               ║
2025-09-07T15:07:14.9749886Z ║ If your project does not yet depend on Playwright, first install the          ║
2025-09-07T15:07:14.9751064Z ║ applicable npm package (most commonly @playwright/test), and                  ║
2025-09-07T15:07:14.9752297Z ║ then run Playwright's install command to download the browsers:               ║
2025-09-07T15:07:14.9753266Z ║                                                                               ║
2025-09-07T15:07:14.9754236Z ║     npm install @playwright/test                                              ║
2025-09-07T15:07:14.9755289Z ║     npx playwright install                                                    ║
2025-09-07T15:07:14.9756376Z ║                                                                               ║
2025-09-07T15:07:14.9757685Z ╚═══════════════════════════════════════════════════════════════════════════════╝
2025-09-07T15:07:14.9758274Z Installing dependencies...
2025-09-07T15:07:14.9758829Z Switching to root user to install dependencies...
2025-09-07T15:07:15.1803020Z Get:1 file:/etc/apt/apt-mirrors.txt Mirrorlist [144 B]
2025-09-07T15:07:15.2733776Z Hit:2 http://azure.archive.ubuntu.com/ubuntu noble InRelease
2025-09-07T15:07:15.2735164Z Get:6 https://packages.microsoft.com/repos/azure-cli noble InRelease [3564 B]
2025-09-07T15:07:15.2780883Z Get:3 http://azure.archive.ubuntu.com/ubuntu noble-updates InRelease [126 kB]
2025-09-07T15:07:15.2783528Z Get:7 https://packages.microsoft.com/ubuntu/24.04/prod noble InRelease [3600 B]
2025-09-07T15:07:15.3230169Z Get:4 http://azure.archive.ubuntu.com/ubuntu noble-backports InRelease [126 kB]
2025-09-07T15:07:15.3284836Z Get:5 http://azure.archive.ubuntu.com/ubuntu noble-security InRelease [126 kB]
2025-09-07T15:07:15.6094669Z Get:8 https://packages.microsoft.com/repos/azure-cli noble/main amd64 Packages [1568 B]
2025-09-07T15:07:15.6565048Z Get:9 https://packages.microsoft.com/ubuntu/24.04/prod noble/main armhf Packages [10.2 kB]
2025-09-07T15:07:15.6662735Z Get:10 http://azure.archive.ubuntu.com/ubuntu noble-updates/main amd64 Packages [1389 kB]
2025-09-07T15:07:15.6744391Z Get:11 http://azure.archive.ubuntu.com/ubuntu noble-updates/main Translation-en [274 kB]
2025-09-07T15:07:15.6770496Z Get:12 http://azure.archive.ubuntu.com/ubuntu noble-updates/main amd64 Components [175 kB]
2025-09-07T15:07:15.6798317Z Get:13 http://azure.archive.ubuntu.com/ubuntu noble-updates/main amd64 c-n-f Metadata [14.9 kB]
2025-09-07T15:07:15.6810054Z Get:14 http://azure.archive.ubuntu.com/ubuntu noble-updates/universe amd64 Packages [1481 kB]
2025-09-07T15:07:15.6830199Z Get:22 https://packages.microsoft.com/ubuntu/24.04/prod noble/main amd64 Packages [51.0 kB]
2025-09-07T15:07:15.6888971Z Get:15 http://azure.archive.ubuntu.com/ubuntu noble-updates/universe Translation-en [298 kB]
2025-09-07T15:07:15.6920534Z Get:16 http://azure.archive.ubuntu.com/ubuntu noble-updates/universe amd64 Components [376 kB]
2025-09-07T15:07:15.6950437Z Get:17 http://azure.archive.ubuntu.com/ubuntu noble-updates/universe amd64 c-n-f Metadata [31.0 kB]
2025-09-07T15:07:15.6963461Z Get:18 http://azure.archive.ubuntu.com/ubuntu noble-updates/restricted amd64 Packages [1791 kB]
2025-09-07T15:07:15.7074335Z Get:23 https://packages.microsoft.com/ubuntu/24.04/prod noble/main arm64 Packages [34.9 kB]
2025-09-07T15:07:15.7080865Z Get:19 http://azure.archive.ubuntu.com/ubuntu noble-updates/restricted Translation-en [400 kB]
2025-09-07T15:07:15.7586574Z Get:20 http://azure.archive.ubuntu.com/ubuntu noble-updates/restricted amd64 Components [212 B]
2025-09-07T15:07:15.7597120Z Get:21 http://azure.archive.ubuntu.com/ubuntu noble-updates/multiverse amd64 Components [940 B]
2025-09-07T15:07:15.7657966Z Get:24 http://azure.archive.ubuntu.com/ubuntu noble-backports/main amd64 Components [7056 B]
2025-09-07T15:07:15.7659215Z Get:25 http://azure.archive.ubuntu.com/ubuntu noble-backports/universe amd64 Components [19.2 kB]
2025-09-07T15:07:15.7660435Z Get:26 http://azure.archive.ubuntu.com/ubuntu noble-backports/restricted amd64 Components [216 B]
2025-09-07T15:07:15.7661352Z Get:27 http://azure.archive.ubuntu.com/ubuntu noble-backports/multiverse amd64 Components [212 B]
2025-09-07T15:07:15.7675266Z Get:28 http://azure.archive.ubuntu.com/ubuntu noble-security/main amd64 Packages [1118 kB]
2025-09-07T15:07:15.7752408Z Get:29 http://azure.archive.ubuntu.com/ubuntu noble-security/main Translation-en [191 kB]
2025-09-07T15:07:15.7773895Z Get:30 http://azure.archive.ubuntu.com/ubuntu noble-security/main amd64 Components [21.5 kB]
2025-09-07T15:07:15.7784693Z Get:31 http://azure.archive.ubuntu.com/ubuntu noble-security/main amd64 c-n-f Metadata [8712 B]
2025-09-07T15:07:15.7796071Z Get:32 http://azure.archive.ubuntu.com/ubuntu noble-security/universe amd64 Packages [879 kB]
2025-09-07T15:07:15.7849576Z Get:33 http://azure.archive.ubuntu.com/ubuntu noble-security/universe Translation-en [194 kB]
2025-09-07T15:07:15.7871785Z Get:34 http://azure.archive.ubuntu.com/ubuntu noble-security/universe amd64 Components [52.2 kB]
2025-09-07T15:07:15.7886282Z Get:35 http://azure.archive.ubuntu.com/ubuntu noble-security/restricted amd64 Packages [1705 kB]
2025-09-07T15:07:15.8467845Z Get:36 http://azure.archive.ubuntu.com/ubuntu noble-security/restricted Translation-en [382 kB]
2025-09-07T15:07:15.8497578Z Get:37 http://azure.archive.ubuntu.com/ubuntu noble-security/restricted amd64 Components [212 B]
2025-09-07T15:07:15.8519716Z Get:38 http://azure.archive.ubuntu.com/ubuntu noble-security/multiverse amd64 Components [212 B]
2025-09-07T15:07:25.5876687Z Fetched 11.3 MB in 2s (6966 kB/s)
2025-09-07T15:07:26.2824158Z Reading package lists...
2025-09-07T15:07:26.3076266Z Reading package lists...
2025-09-07T15:07:26.4627887Z Building dependency tree...
2025-09-07T15:07:26.4634900Z Reading state information...
2025-09-07T15:07:26.4768631Z libasound2t64 is already the newest version (1.2.11-1ubuntu0.1).
2025-09-07T15:07:26.4769379Z libasound2t64 set to manually installed.
2025-09-07T15:07:26.4770004Z libatk-bridge2.0-0t64 is already the newest version (2.52.0-1build1).
2025-09-07T15:07:26.4770522Z libatk-bridge2.0-0t64 set to manually installed.
2025-09-07T15:07:26.4771013Z libatk1.0-0t64 is already the newest version (2.52.0-1build1).
2025-09-07T15:07:26.4771448Z libatk1.0-0t64 set to manually installed.
2025-09-07T15:07:26.4771923Z libatspi2.0-0t64 is already the newest version (2.52.0-1build1).
2025-09-07T15:07:26.4772389Z libatspi2.0-0t64 set to manually installed.
2025-09-07T15:07:26.4772837Z libcairo2 is already the newest version (1.18.0-3build1).
2025-09-07T15:07:26.4773687Z libcairo2 set to manually installed.
2025-09-07T15:07:26.4774210Z libcups2t64 is already the newest version (2.4.7-1.2ubuntu7.3).
2025-09-07T15:07:26.4774678Z libcups2t64 set to manually installed.
2025-09-07T15:07:26.4775156Z libdbus-1-3 is already the newest version (1.14.10-4ubuntu4.1).
2025-09-07T15:07:26.4775844Z libdbus-1-3 set to manually installed.
2025-09-07T15:07:26.4776323Z libdrm2 is already the newest version (2.4.122-1~ubuntu0.24.04.1).
2025-09-07T15:07:26.4776793Z libdrm2 set to manually installed.
2025-09-07T15:07:26.4777247Z libglib2.0-0t64 is already the newest version (2.80.0-6ubuntu3.4).
2025-09-07T15:07:26.4777705Z libglib2.0-0t64 set to manually installed.
2025-09-07T15:07:26.4778173Z libnspr4 is already the newest version (2:4.35-1.1build1).
2025-09-07T15:07:26.4778585Z libnspr4 set to manually installed.
2025-09-07T15:07:26.4779010Z libnss3 is already the newest version (2:3.98-1build1).
2025-09-07T15:07:26.4779408Z libnss3 set to manually installed.
2025-09-07T15:07:26.4779873Z libpango-1.0-0 is already the newest version (1.52.1+ds-1build1).
2025-09-07T15:07:26.4780328Z libpango-1.0-0 set to manually installed.
2025-09-07T15:07:26.4780767Z libx11-6 is already the newest version (2:1.8.7-1build1).
2025-09-07T15:07:26.4781209Z libx11-6 set to manually installed.
2025-09-07T15:07:26.4781616Z libxcb1 is already the newest version (1.15-1ubuntu2).
2025-09-07T15:07:26.4782005Z libxcb1 set to manually installed.
2025-09-07T15:07:26.4782461Z libxcomposite1 is already the newest version (1:0.4.5-1build3).
2025-09-07T15:07:26.4782914Z libxcomposite1 set to manually installed.
2025-09-07T15:07:26.4783378Z libxdamage1 is already the newest version (1:1.1.6-1build1).
2025-09-07T15:07:26.4783813Z libxdamage1 set to manually installed.
2025-09-07T15:07:26.4784238Z libxext6 is already the newest version (2:1.3.4-1build2).
2025-09-07T15:07:26.4784645Z libxext6 set to manually installed.
2025-09-07T15:07:26.4785017Z libxfixes3 is already the newest version (1:6.0.0-2build1).
2025-09-07T15:07:26.4785390Z libxfixes3 set to manually installed.
2025-09-07T15:07:26.4785881Z libxkbcommon0 is already the newest version (1.6.0-1build1).
2025-09-07T15:07:26.4786258Z libxkbcommon0 set to manually installed.
2025-09-07T15:07:26.4786813Z libxrandr2 is already the newest version (2:1.5.2-2build1).
2025-09-07T15:07:26.4787172Z libxrandr2 set to manually installed.
2025-09-07T15:07:26.4787569Z libcairo-gobject2 is already the newest version (1.18.0-3build1).
2025-09-07T15:07:26.4787978Z libcairo-gobject2 set to manually installed.
2025-09-07T15:07:26.4788388Z libfontconfig1 is already the newest version (2.15.0-1.1ubuntu2).
2025-09-07T15:07:26.4788771Z libfontconfig1 set to manually installed.
2025-09-07T15:07:26.4789180Z libfreetype6 is already the newest version (2.13.2+dfsg-1build3).
2025-09-07T15:07:26.4789563Z libfreetype6 set to manually installed.
2025-09-07T15:07:26.4790001Z libgdk-pixbuf-2.0-0 is already the newest version (2.42.10+dfsg-3ubuntu3.2).
2025-09-07T15:07:26.4790456Z libgdk-pixbuf-2.0-0 set to manually installed.
2025-09-07T15:07:26.4790871Z libgtk-3-0t64 is already the newest version (3.24.41-4ubuntu1.3).
2025-09-07T15:07:26.4791253Z libgtk-3-0t64 set to manually installed.
2025-09-07T15:07:26.4791678Z libpangocairo-1.0-0 is already the newest version (1.52.1+ds-1build1).
2025-09-07T15:07:26.4792097Z libpangocairo-1.0-0 set to manually installed.
2025-09-07T15:07:26.4792497Z libx11-xcb1 is already the newest version (2:1.8.7-1build1).
2025-09-07T15:07:26.4792860Z libx11-xcb1 set to manually installed.
2025-09-07T15:07:26.4793216Z libxcb-shm0 is already the newest version (1.15-1ubuntu2).
2025-09-07T15:07:26.4793575Z libxcb-shm0 set to manually installed.
2025-09-07T15:07:26.4793941Z libxcursor1 is already the newest version (1:1.2.1-1build1).
2025-09-07T15:07:26.4794301Z libxcursor1 set to manually installed.
2025-09-07T15:07:26.4794658Z libxi6 is already the newest version (2:1.8.1-1build1).
2025-09-07T15:07:26.4794991Z libxi6 set to manually installed.
2025-09-07T15:07:26.4795598Z libxrender1 is already the newest version (1:0.9.10-1.1build1).
2025-09-07T15:07:26.4795998Z libxrender1 set to manually installed.
2025-09-07T15:07:26.4796373Z libicu74 is already the newest version (74.2-1ubuntu3.1).
2025-09-07T15:07:26.4796745Z libicu74 set to manually installed.
2025-09-07T15:07:26.4797224Z libatomic1 is already the newest version (14.2.0-4ubuntu2~24.04).
2025-09-07T15:07:26.4797589Z libatomic1 set to manually installed.
2025-09-07T15:07:26.4797968Z libenchant-2-2 is already the newest version (2.3.3-2build2).
2025-09-07T15:07:26.4798340Z libenchant-2-2 set to manually installed.
2025-09-07T15:07:26.4798705Z libepoxy0 is already the newest version (1.5.10-1build1).
2025-09-07T15:07:26.4799051Z libepoxy0 set to manually installed.
2025-09-07T15:07:26.4799446Z libgstreamer1.0-0 is already the newest version (1.24.2-1ubuntu0.1).
2025-09-07T15:07:26.4799863Z libgstreamer1.0-0 set to manually installed.
2025-09-07T15:07:26.4800259Z libharfbuzz0b is already the newest version (8.3.0-2build2).
2025-09-07T15:07:26.4800628Z libharfbuzz0b set to manually installed.
2025-09-07T15:07:26.4801022Z libjpeg-turbo8 is already the newest version (2.1.5-2ubuntu2).
2025-09-07T15:07:26.4801408Z libjpeg-turbo8 set to manually installed.
2025-09-07T15:07:26.4801771Z liblcms2-2 is already the newest version (2.14-2build1).
2025-09-07T15:07:26.4802114Z liblcms2-2 set to manually installed.
2025-09-07T15:07:26.4802856Z libpng16-16t64 is already the newest version (1.6.43-5build1).
2025-09-07T15:07:26.6143698Z libpng16-16t64 set to manually installed.
2025-09-07T15:07:26.6144729Z libwayland-client0 is already the newest version (1.22.0-2.1build1).
2025-09-07T15:07:26.6146085Z libwayland-client0 set to manually installed.
2025-09-07T15:07:26.6146919Z libwayland-egl1 is already the newest version (1.22.0-2.1build1).
2025-09-07T15:07:26.6147613Z libwayland-egl1 set to manually installed.
2025-09-07T15:07:26.6148125Z libwayland-server0 is already the newest version (1.22.0-2.1build1).
2025-09-07T15:07:26.6148852Z libwayland-server0 set to manually installed.
2025-09-07T15:07:26.6149577Z libwebp7 is already the newest version (1.3.2-0.4build3).
2025-09-07T15:07:26.6150214Z libwebp7 set to manually installed.
2025-09-07T15:07:26.6150777Z libwebpdemux2 is already the newest version (1.3.2-0.4build3).
2025-09-07T15:07:26.6151703Z libwebpdemux2 set to manually installed.
2025-09-07T15:07:26.6152201Z libxml2 is already the newest version (2.9.14+dfsg-1.3ubuntu3.4).
2025-09-07T15:07:26.6152656Z libxml2 set to manually installed.
2025-09-07T15:07:26.6153152Z libxslt1.1 is already the newest version (1.1.39-0exp1ubuntu0.24.04.2).
2025-09-07T15:07:26.6153622Z libxslt1.1 set to manually installed.
2025-09-07T15:07:26.6154279Z xvfb is already the newest version (2:21.1.12-1ubuntu1.4).
2025-09-07T15:07:26.6154895Z fonts-noto-color-emoji is already the newest version (2.047-0ubuntu0.24.04.1).
2025-09-07T15:07:26.6155728Z fonts-liberation is already the newest version (1:2.1.5-3).
2025-09-07T15:07:26.6156206Z fonts-liberation set to manually installed.
2025-09-07T15:07:26.6156660Z The following additional packages will be installed:
2025-09-07T15:07:26.6157182Z   glib-networking glib-networking-common glib-networking-services
2025-09-07T15:07:26.6157670Z   gsettings-desktop-schemas libaa1 libabsl20220623t64 libass9 libasyncns0
2025-09-07T15:07:26.6158196Z   libavc1394-0 libavcodec60 libavfilter9 libavformat60 libavtp0 libavutil58
2025-09-07T15:07:26.6158692Z   libblas3 libbluray2 libbs2b0 libcaca0 libcairo-script-interpreter2
2025-09-07T15:07:26.6159152Z   libcdparanoia0 libchromaprint1 libcjson1 libcodec2-1.2 libdav1d7
2025-09-07T15:07:26.6159641Z   libdc1394-25 libdca0 libdecor-0-0 libdirectfb-1.7-7t64 libdv4t64 libdvdnav4
2025-09-07T15:07:26.6160157Z   libdvdread8t64 libegl-mesa0 libegl1 libfaad2 libflac12t64 libfluidsynth3
2025-09-07T15:07:26.6160628Z   libfreeaptx0 libgav1-1 libgl1-mesa-dri libglx-mesa0 libgme0
2025-09-07T15:07:26.6161101Z   libgraphene-1.0-0 libgsm1 libgssdp-1.6-0 libgstreamer-plugins-good1.0-0
2025-09-07T15:07:26.6161787Z   libgtk-4-common libgupnp-1.6-0 libgupnp-igd-1.6-0 libhwy1t64 libiec61883-0
2025-09-07T15:07:26.6162625Z   libimath-3-1-29t64 libinstpatch-1.0-2 libjack-jackd2-0 libjxl0.7 liblapack3
2025-09-07T15:07:26.6163166Z   liblc3-1 libldacbt-enc2 liblilv-0-0 libllvm20 liblrdf0 libltc11
2025-09-07T15:07:26.6163658Z   libmbedcrypto7t64 libmfx1 libmjpegutils-2.1-0t64 libmodplug1 libmp3lame0
2025-09-07T15:07:26.6164148Z   libmpcdec6 libmpeg2encpp-2.1-0t64 libmpg123-0t64 libmplex2-2.1-0t64
2025-09-07T15:07:26.6164592Z   libmysofa1 libneon27t64 libnice10 libopenal-data libopenal1
2025-09-07T15:07:26.6165060Z   libopenexr-3-1-30 libopenh264-7 libopenmpt0t64 libopenni2-0 liborc-0.4-0t64
2025-09-07T15:07:26.6165663Z   libpipewire-0.3-0t64 libplacebo338 libpocketsphinx3 libpostproc57
2025-09-07T15:07:26.6166140Z   libproxy1v5 libpulse0 libqrencode4 libraptor2-0 librav1e0 libraw1394-11
2025-09-07T15:07:26.6166628Z   librist4 librsvg2-2 librubberband2 libsamplerate0 libsbc1 libsdl2-2.0-0
2025-09-07T15:07:26.6167127Z   libsecret-common libserd-0-0 libshine3 libshout3 libsndfile1 libsndio7.0
2025-09-07T15:07:26.6167614Z   libsord-0-0 libsoundtouch1 libsoup-3.0-0 libsoup-3.0-common libsoxr0
2025-09-07T15:07:26.6168113Z   libspa-0.2-modules libspandsp2t64 libspeex1 libsphinxbase3t64 libsratom-0-0
2025-09-07T15:07:26.6168634Z   libsrt1.5-gnutls libsrtp2-1 libssh-gcrypt-4 libsvtav1enc1d1 libswresample4
2025-09-07T15:07:26.6169148Z   libswscale7 libtag1v5 libtag1v5-vanilla libtheora0 libtwolame0 libudfread0
2025-09-07T15:07:26.6169652Z   libunibreak5 libv4l-0t64 libv4lconvert0t64 libva-drm2 libva-x11-2 libva2
2025-09-07T15:07:26.6170132Z   libvdpau1 libvidstab1.1 libvisual-0.4-0 libvo-aacenc0 libvo-amrwbenc0
2025-09-07T15:07:26.6170635Z   libvorbisenc2 libvpl2 libwavpack1 libwebrtc-audio-processing1 libwildmidi2
2025-09-07T15:07:26.6171151Z   libx265-199 libxcb-xkb1 libxkbcommon-x11-0 libxvidcore4 libyuv0 libzbar0t64
2025-09-07T15:07:26.6171640Z   libzimg2 libzix-0-0 libzvbi-common libzvbi0t64 libzxing3 mesa-libgallium
2025-09-07T15:07:26.6172155Z   ocl-icd-libopencl1 session-migration timgm6mb-soundfont xfonts-encodings
2025-09-07T15:07:26.6172525Z   xfonts-utils
2025-09-07T15:07:26.6172734Z Suggested packages:
2025-09-07T15:07:26.6173097Z   frei0r-plugins gvfs libcuda1 libnvcuvid1 libnvidia-encode1 libbluray-bdj
2025-09-07T15:07:26.6173740Z   libdirectfb-extra libdv-bin oss-compat libdvdcss2 libvisual-0.4-plugins
2025-09-07T15:07:26.6174213Z   jackd2 liblrdf0-dev libportaudio2 opus-tools pipewire pulseaudio
2025-09-07T15:07:26.6174670Z   raptor2-utils libraw1394-doc librsvg2-bin serdi sndiod sordi speex
2025-09-07T15:07:26.6175081Z   libwildmidi-config opencl-icd fluid-soundfont-gm
2025-09-07T15:07:26.6175387Z Recommended packages:
2025-09-07T15:07:26.6175815Z   fonts-ipafont-mincho fonts-tlwg-loma gstreamer1.0-x libaacs0
2025-09-07T15:07:26.6176270Z   default-libdecor-0-plugin-1 | libdecor-0-plugin-1 gstreamer1.0-gl
2025-09-07T15:07:26.6176780Z   libgtk-4-bin librsvg2-common libgtk-4-media-gstreamer libpipewire-0.3-common
2025-09-07T15:07:26.6177320Z   pocketsphinx-en-us va-driver-all | va-driver vdpau-driver-all | vdpau-driver
2025-09-07T15:07:26.6177698Z   libmagickcore-6.q16-7-extra
2025-09-07T15:07:26.7944918Z The following NEW packages will be installed:
2025-09-07T15:07:26.7946263Z   fonts-freefont-ttf fonts-ipafont-gothic fonts-tlwg-loma-otf fonts-unifont
2025-09-07T15:07:26.7947077Z   fonts-wqy-zenhei glib-networking glib-networking-common
2025-09-07T15:07:26.7948139Z   glib-networking-services gsettings-desktop-schemas gstreamer1.0-libav
2025-09-07T15:07:26.7949246Z   gstreamer1.0-plugins-bad gstreamer1.0-plugins-base gstreamer1.0-plugins-good
2025-09-07T15:07:26.7949929Z   libaa1 libabsl20220623t64 libass9 libasyncns0 libavc1394-0 libavcodec60
2025-09-07T15:07:26.7950479Z   libavfilter9 libavformat60 libavif16 libavtp0 libavutil58 libblas3
2025-09-07T15:07:26.7951108Z   libbluray2 libbs2b0 libcaca0 libcairo-script-interpreter2 libcdparanoia0
2025-09-07T15:07:26.7952413Z   libchromaprint1 libcjson1 libcodec2-1.2 libdav1d7 libdc1394-25 libdca0
2025-09-07T15:07:26.7953014Z   libdecor-0-0 libdirectfb-1.7-7t64 libdv4t64 libdvdnav4 libdvdread8t64
2025-09-07T15:07:26.7953560Z   libegl-mesa0 libegl1 libevent-2.1-7t64 libfaad2 libflac12t64 libflite1
2025-09-07T15:07:26.7954120Z   libfluidsynth3 libfreeaptx0 libgav1-1 libgles2 libgme0 libgraphene-1.0-0
2025-09-07T15:07:26.7954698Z   libgsm1 libgssdp-1.6-0 libgstreamer-gl1.0-0 libgstreamer-plugins-bad1.0-0
2025-09-07T15:07:26.7955294Z   libgstreamer-plugins-base1.0-0 libgstreamer-plugins-good1.0-0 libgtk-4-1
2025-09-07T15:07:26.7956047Z   libgtk-4-common libgupnp-1.6-0 libgupnp-igd-1.6-0 libharfbuzz-icu0
2025-09-07T15:07:26.7956827Z   libhwy1t64 libhyphen0 libiec61883-0 libimath-3-1-29t64 libinstpatch-1.0-2
2025-09-07T15:07:26.7957670Z   libjack-jackd2-0 libjxl0.7 liblapack3 liblc3-1 libldacbt-enc2 liblilv-0-0
2025-09-07T15:07:26.7958227Z   libllvm20 liblrdf0 libltc11 libmanette-0.2-0 libmbedcrypto7t64 libmfx1
2025-09-07T15:07:26.7958729Z   libmjpegutils-2.1-0t64 libmodplug1 libmp3lame0 libmpcdec6
2025-09-07T15:07:26.7959228Z   libmpeg2encpp-2.1-0t64 libmpg123-0t64 libmplex2-2.1-0t64 libmysofa1
2025-09-07T15:07:26.7959744Z   libneon27t64 libnice10 libopenal-data libopenal1 libopenexr-3-1-30
2025-09-07T15:07:26.7960261Z   libopenh264-7 libopenmpt0t64 libopenni2-0 libopus0 liborc-0.4-0t64
2025-09-07T15:07:26.7960727Z   libpipewire-0.3-0t64 libplacebo338 libpocketsphinx3 libpostproc57
2025-09-07T15:07:26.7961212Z   libproxy1v5 libpulse0 libqrencode4 libraptor2-0 librav1e0 libraw1394-11
2025-09-07T15:07:26.7961702Z   librist4 librsvg2-2 librubberband2 libsamplerate0 libsbc1 libsdl2-2.0-0
2025-09-07T15:07:26.7962214Z   libsecret-1-0 libsecret-common libserd-0-0 libshine3 libshout3 libsndfile1
2025-09-07T15:07:26.7962709Z   libsndio7.0 libsord-0-0 libsoundtouch1 libsoup-3.0-0 libsoup-3.0-common
2025-09-07T15:07:26.7963203Z   libsoxr0 libspa-0.2-modules libspandsp2t64 libspeex1 libsphinxbase3t64
2025-09-07T15:07:26.7963706Z   libsratom-0-0 libsrt1.5-gnutls libsrtp2-1 libssh-gcrypt-4 libsvtav1enc1d1
2025-09-07T15:07:26.7964194Z   libswresample4 libswscale7 libtag1v5 libtag1v5-vanilla libtheora0
2025-09-07T15:07:26.7964829Z   libtwolame0 libudfread0 libunibreak5 libv4l-0t64 libv4lconvert0t64
2025-09-07T15:07:26.7965785Z   libva-drm2 libva-x11-2 libva2 libvdpau1 libvidstab1.1 libvisual-0.4-0
2025-09-07T15:07:26.7966612Z   libvo-aacenc0 libvo-amrwbenc0 libvorbisenc2 libvpl2 libvpx9 libwavpack1
2025-09-07T15:07:26.7967129Z   libwebrtc-audio-processing1 libwildmidi2 libwoff1 libx264-164 libx265-199
2025-09-07T15:07:26.7967645Z   libxcb-xkb1 libxkbcommon-x11-0 libxvidcore4 libyuv0 libzbar0t64 libzimg2
2025-09-07T15:07:26.7968125Z   libzix-0-0 libzvbi-common libzvbi0t64 libzxing3 ocl-icd-libopencl1
2025-09-07T15:07:26.7968614Z   session-migration timgm6mb-soundfont xfonts-cyrillic xfonts-encodings
2025-09-07T15:07:26.7969011Z   xfonts-scalable xfonts-utils
2025-09-07T15:07:26.7969320Z The following packages will be upgraded:
2025-09-07T15:07:26.7972424Z   libgbm1 libgl1-mesa-dri libglx-mesa0 mesa-libgallium
2025-09-07T15:07:26.8195834Z 4 upgraded, 180 newly installed, 0 to remove and 11 not upgraded.
2025-09-07T15:07:26.8196540Z Need to get 155 MB of archives.
2025-09-07T15:07:26.8197246Z After this operation, 507 MB of additional disk space will be used.
2025-09-07T15:07:26.8198069Z Get:1 file:/etc/apt/apt-mirrors.txt Mirrorlist [144 B]
2025-09-07T15:07:26.8849260Z Get:2 http://azure.archive.ubuntu.com/ubuntu noble/universe amd64 fonts-ipafont-gothic all 00303-21ubuntu1 [3513 kB]
2025-09-07T15:07:27.0633480Z Get:3 http://azure.archive.ubuntu.com/ubuntu noble/main amd64 fonts-freefont-ttf all 20211204+svn4273-2 [5641 kB]
2025-09-07T15:07:27.3083946Z Get:4 http://azure.archive.ubuntu.com/ubuntu noble/universe amd64 fonts-tlwg-loma-otf all 1:0.7.3-1 [107 kB]
2025-09-07T15:07:27.3510455Z Get:5 http://azure.archive.ubuntu.com/ubuntu noble/universe amd64 fonts-unifont all 1:15.1.01-1build1 [2993 kB]
2025-09-07T15:07:27.5588345Z Get:6 http://azure.archive.ubuntu.com/ubuntu noble/universe amd64 fonts-wqy-zenhei all 0.9.45-8 [7472 kB]
2025-09-07T15:07:27.8359005Z Get:7 http://azure.archive.ubuntu.com/ubuntu noble/main amd64 libproxy1v5 amd64 0.5.4-4build1 [26.5 kB]
2025-09-07T15:07:27.8794724Z Get:8 http://azure.archive.ubuntu.com/ubuntu noble/main amd64 glib-networking-common all 2.80.0-1build1 [6702 B]
2025-09-07T15:07:27.9234766Z Get:9 http://azure.archive.ubuntu.com/ubuntu noble/main amd64 glib-networking-services amd64 2.80.0-1build1 [12.8 kB]
2025-09-07T15:07:27.9672837Z Get:10 http://azure.archive.ubuntu.com/ubuntu noble/main amd64 session-migration amd64 0.3.9build1 [9034 B]
2025-09-07T15:07:28.0121487Z Get:11 http://azure.archive.ubuntu.com/ubuntu noble-updates/main amd64 gsettings-desktop-schemas all 46.1-0ubuntu1 [35.6 kB]
2025-09-07T15:07:28.0569519Z Get:12 http://azure.archive.ubuntu.com/ubuntu noble/main amd64 glib-networking amd64 2.80.0-1build1 [64.1 kB]
2025-09-07T15:07:28.1031316Z Get:13 http://azure.archive.ubuntu.com/ubuntu noble/universe amd64 libva2 amd64 2.20.0-2build1 [66.2 kB]
2025-09-07T15:07:28.1471317Z Get:14 http://azure.archive.ubuntu.com/ubuntu noble/universe amd64 libva-drm2 amd64 2.20.0-2build1 [7124 B]
2025-09-07T15:07:28.3277681Z Get:15 http://azure.archive.ubuntu.com/ubuntu noble/universe amd64 libva-x11-2 amd64 2.20.0-2build1 [12.0 kB]
2025-09-07T15:07:28.3727391Z Get:16 http://azure.archive.ubuntu.com/ubuntu noble/main amd64 libvdpau1 amd64 1.5-2build1 [27.8 kB]
2025-09-07T15:07:28.4170080Z Get:17 http://azure.archive.ubuntu.com/ubuntu noble/universe amd64 libvpl2 amd64 2023.3.0-1build1 [99.8 kB]
2025-09-07T15:07:28.4612310Z Get:18 http://azure.archive.ubuntu.com/ubuntu noble/universe amd64 ocl-icd-libopencl1 amd64 2.3.2-1build1 [38.5 kB]
2025-09-07T15:07:28.5035380Z Get:19 http://azure.archive.ubuntu.com/ubuntu noble/universe amd64 libavutil58 amd64 7:6.1.1-3ubuntu5 [401 kB]
2025-09-07T15:07:28.5841640Z Get:20 http://azure.archive.ubuntu.com/ubuntu noble/universe amd64 libcodec2-1.2 amd64 1.2.0-2build1 [8998 kB]
2025-09-07T15:07:28.8778883Z Get:21 http://azure.archive.ubuntu.com/ubuntu noble/universe amd64 libdav1d7 amd64 1.4.1-1build1 [604 kB]
2025-09-07T15:07:28.9679690Z Get:22 http://azure.archive.ubuntu.com/ubuntu noble/universe amd64 libgsm1 amd64 1.0.22-1build1 [27.8 kB]
2025-09-07T15:07:29.0098468Z Get:23 http://azure.archive.ubuntu.com/ubuntu noble/universe amd64 libhwy1t64 amd64 1.0.7-8.1build1 [584 kB]
2025-09-07T15:07:29.1002995Z Get:24 http://azure.archive.ubuntu.com/ubuntu noble-updates/universe amd64 libjxl0.7 amd64 0.7.0-10.2ubuntu6.1 [1001 kB]
2025-09-07T15:07:29.2302107Z Get:25 http://azure.archive.ubuntu.com/ubuntu noble/main amd64 libmp3lame0 amd64 3.100-6build1 [142 kB]
2025-09-07T15:07:29.2757028Z Get:26 http://azure.archive.ubuntu.com/ubuntu noble/main amd64 libopus0 amd64 1.4-1build1 [208 kB]
2025-09-07T15:07:29.3247344Z Get:27 http://azure.archive.ubuntu.com/ubuntu noble/universe amd64 librav1e0 amd64 0.7.1-2 [1022 kB]
2025-09-07T15:07:29.4558644Z Get:28 http://azure.archive.ubuntu.com/ubuntu noble/main amd64 librsvg2-2 amd64 2.58.0+dfsg-1build1 [2135 kB]
2025-09-07T15:07:29.6344237Z Get:29 http://azure.archive.ubuntu.com/ubuntu noble/universe amd64 libshine3 amd64 3.1.1-2build1 [23.2 kB]
2025-09-07T15:07:29.6755090Z Get:30 http://azure.archive.ubuntu.com/ubuntu noble-updates/main amd64 libspeex1 amd64 1.2.1-2ubuntu2.24.04.1 [59.6 kB]
2025-09-07T15:07:29.7172997Z Get:31 http://azure.archive.ubuntu.com/ubuntu noble/universe amd64 libsvtav1enc1d1 amd64 1.7.0+dfsg-2build1 [2425 kB]
2025-09-07T15:07:29.8790197Z Get:32 http://azure.archive.ubuntu.com/ubuntu noble/universe amd64 libsoxr0 amd64 0.1.3-4build3 [80.0 kB]
2025-09-07T15:07:29.9203401Z Get:33 http://azure.archive.ubuntu.com/ubuntu noble/universe amd64 libswresample4 amd64 7:6.1.1-3ubuntu5 [63.8 kB]
2025-09-07T15:07:29.9620967Z Get:34 http://azure.archive.ubuntu.com/ubuntu noble/main amd64 libtheora0 amd64 1.1.1+dfsg.1-16.1build3 [211 kB]
2025-09-07T15:07:30.0068165Z Get:35 http://azure.archive.ubuntu.com/ubuntu noble/main amd64 libtwolame0 amd64 0.4.0-2build3 [52.3 kB]
2025-09-07T15:07:30.0484235Z Get:36 http://azure.archive.ubuntu.com/ubuntu noble/main amd64 libvorbisenc2 amd64 1.3.7-1build3 [80.8 kB]
2025-09-07T15:07:30.0902308Z Get:37 http://azure.archive.ubuntu.com/ubuntu noble-updates/main amd64 libvpx9 amd64 1.14.0-1ubuntu2.2 [1143 kB]
2025-09-07T15:07:30.1827011Z Get:38 http://azure.archive.ubuntu.com/ubuntu noble/universe amd64 libx264-164 amd64 2:0.164.3108+git31e19f9-1 [604 kB]
2025-09-07T15:07:30.2705669Z Get:39 http://azure.archive.ubuntu.com/ubuntu noble/universe amd64 libx265-199 amd64 3.5-2build1 [1226 kB]
2025-09-07T15:07:30.4038266Z Get:40 http://azure.archive.ubuntu.com/ubuntu noble/universe amd64 libxvidcore4 amd64 2:1.3.7-1build1 [219 kB]
2025-09-07T15:07:30.4515799Z Get:41 http://azure.archive.ubuntu.com/ubuntu noble/universe amd64 libzvbi-common all 0.2.42-2 [42.4 kB]
2025-09-07T15:07:30.6944056Z Get:42 http://azure.archive.ubuntu.com/ubuntu noble/universe amd64 libzvbi0t64 amd64 0.2.42-2 [261 kB]
2025-09-07T15:07:30.7436139Z Get:43 http://azure.archive.ubuntu.com/ubuntu noble/universe amd64 libavcodec60 amd64 7:6.1.1-3ubuntu5 [5851 kB]
2025-09-07T15:07:31.0383269Z Get:44 http://azure.archive.ubuntu.com/ubuntu noble/universe amd64 libunibreak5 amd64 5.1-2build1 [25.0 kB]
2025-09-07T15:07:31.0820435Z Get:45 http://azure.archive.ubuntu.com/ubuntu noble/universe amd64 libass9 amd64 1:0.17.1-2build1 [104 kB]
2025-09-07T15:07:31.1254716Z Get:46 http://azure.archive.ubuntu.com/ubuntu noble/universe amd64 libudfread0 amd64 1.1.2-1build1 [19.0 kB]
2025-09-07T15:07:31.1690550Z Get:47 http://azure.archive.ubuntu.com/ubuntu noble/universe amd64 libbluray2 amd64 1:1.3.4-1build1 [159 kB]
2025-09-07T15:07:31.2154709Z Get:48 http://azure.archive.ubuntu.com/ubuntu noble/universe amd64 libchromaprint1 amd64 1.5.1-5 [30.5 kB]
2025-09-07T15:07:31.2609809Z Get:49 http://azure.archive.ubuntu.com/ubuntu noble/universe amd64 libgme0 amd64 0.6.3-7build1 [134 kB]
2025-09-07T15:07:31.3054611Z Get:50 http://azure.archive.ubuntu.com/ubuntu noble-updates/main amd64 libmpg123-0t64 amd64 1.32.5-1ubuntu1.1 [169 kB]
2025-09-07T15:07:31.3530957Z Get:51 http://azure.archive.ubuntu.com/ubuntu noble/universe amd64 libopenmpt0t64 amd64 0.7.3-1.1build3 [647 kB]
2025-09-07T15:07:31.4477745Z Get:52 http://azure.archive.ubuntu.com/ubuntu noble/universe amd64 libcjson1 amd64 1.7.17-1 [24.8 kB]
2025-09-07T15:07:31.4922973Z Get:53 http://azure.archive.ubuntu.com/ubuntu noble/universe amd64 libmbedcrypto7t64 amd64 2.28.8-1 [209 kB]
2025-09-07T15:07:31.5423998Z Get:54 http://azure.archive.ubuntu.com/ubuntu noble/universe amd64 librist4 amd64 0.2.10+dfsg-2 [74.9 kB]
2025-09-07T15:07:31.5883482Z Get:55 http://azure.archive.ubuntu.com/ubuntu noble/universe amd64 libsrt1.5-gnutls amd64 1.5.3-1build2 [316 kB]
2025-09-07T15:07:31.6394055Z Get:56 http://azure.archive.ubuntu.com/ubuntu noble-updates/main amd64 libssh-gcrypt-4 amd64 0.10.6-2ubuntu0.1 [224 kB]
2025-09-07T15:07:31.6904784Z Get:57 http://azure.archive.ubuntu.com/ubuntu noble/universe amd64 libavformat60 amd64 7:6.1.1-3ubuntu5 [1153 kB]
2025-09-07T15:07:31.8178752Z Get:58 http://azure.archive.ubuntu.com/ubuntu noble/universe amd64 libbs2b0 amd64 3.1.0+dfsg-7build1 [10.6 kB]
2025-09-07T15:07:31.8615212Z Get:59 http://azure.archive.ubuntu.com/ubuntu noble/universe amd64 libflite1 amd64 2.2-6build3 [13.6 MB]
2025-09-07T15:07:32.2478239Z Get:60 http://azure.archive.ubuntu.com/ubuntu noble/universe amd64 libserd-0-0 amd64 0.32.2-1 [43.6 kB]
2025-09-07T15:07:32.2914813Z Get:61 http://azure.archive.ubuntu.com/ubuntu noble/universe amd64 libzix-0-0 amd64 0.4.2-2build1 [23.6 kB]
2025-09-07T15:07:32.3355174Z Get:62 http://azure.archive.ubuntu.com/ubuntu noble/universe amd64 libsord-0-0 amd64 0.16.16-2build1 [15.8 kB]
2025-09-07T15:07:32.3803323Z Get:63 http://azure.archive.ubuntu.com/ubuntu noble/universe amd64 libsratom-0-0 amd64 0.6.16-1build1 [17.3 kB]
2025-09-07T15:07:32.4242934Z Get:64 http://azure.archive.ubuntu.com/ubuntu noble/universe amd64 liblilv-0-0 amd64 0.24.22-1build1 [41.0 kB]
2025-09-07T15:07:32.4689580Z Get:65 http://azure.archive.ubuntu.com/ubuntu noble/universe amd64 libmysofa1 amd64 1.3.2+dfsg-2ubuntu2 [1158 kB]
2025-09-07T15:07:32.5976214Z Get:66 http://azure.archive.ubuntu.com/ubuntu noble/universe amd64 libplacebo338 amd64 6.338.2-2build1 [2654 kB]
2025-09-07T15:07:32.7781243Z Get:67 http://azure.archive.ubuntu.com/ubuntu noble-updates/main amd64 libblas3 amd64 3.12.0-3build1.1 [238 kB]
2025-09-07T15:07:32.8248302Z Get:68 http://azure.archive.ubuntu.com/ubuntu noble-updates/main amd64 liblapack3 amd64 3.12.0-3build1.1 [2646 kB]
2025-09-07T15:07:33.0000669Z Get:69 http://azure.archive.ubuntu.com/ubuntu noble/main amd64 libasyncns0 amd64 0.8-6build4 [11.3 kB]
2025-09-07T15:07:33.0436905Z Get:70 http://azure.archive.ubuntu.com/ubuntu noble/main amd64 libflac12t64 amd64 1.4.3+ds-2.1ubuntu2 [197 kB]
2025-09-07T15:07:33.0897342Z Get:71 http://azure.archive.ubuntu.com/ubuntu noble-updates/main amd64 libsndfile1 amd64 1.2.2-1ubuntu5.24.04.1 [209 kB]
2025-09-07T15:07:33.1368635Z Get:72 http://azure.archive.ubuntu.com/ubuntu noble-updates/main amd64 libpulse0 amd64 1:16.1+dfsg1-2ubuntu10.1 [292 kB]
2025-09-07T15:07:33.2278684Z Get:73 http://azure.archive.ubuntu.com/ubuntu noble/universe amd64 libsphinxbase3t64 amd64 0.8+5prealpha+1-17build2 [126 kB]
2025-09-07T15:07:33.2704194Z Get:74 http://azure.archive.ubuntu.com/ubuntu noble/universe amd64 libpocketsphinx3 amd64 0.8.0+real5prealpha+1-15ubuntu5 [133 kB]
2025-09-07T15:07:33.3155254Z Get:75 http://azure.archive.ubuntu.com/ubuntu noble/universe amd64 libpostproc57 amd64 7:6.1.1-3ubuntu5 [49.9 kB]
2025-09-07T15:07:33.3579613Z Get:76 http://azure.archive.ubuntu.com/ubuntu noble/main amd64 libsamplerate0 amd64 0.2.2-4build1 [1344 kB]
2025-09-07T15:07:33.4805584Z Get:77 http://azure.archive.ubuntu.com/ubuntu noble/universe amd64 librubberband2 amd64 3.3.0+dfsg-2build1 [130 kB]
2025-09-07T15:07:33.5235831Z Get:78 http://azure.archive.ubuntu.com/ubuntu noble/universe amd64 libswscale7 amd64 7:6.1.1-3ubuntu5 [193 kB]
2025-09-07T15:07:33.5718600Z Get:79 http://azure.archive.ubuntu.com/ubuntu noble/universe amd64 libvidstab1.1 amd64 1.1.0-2build1 [38.5 kB]
2025-09-07T15:07:33.6134747Z Get:80 http://azure.archive.ubuntu.com/ubuntu noble/universe amd64 libzimg2 amd64 3.0.5+ds1-1build1 [254 kB]
2025-09-07T15:07:33.6592864Z Get:81 http://azure.archive.ubuntu.com/ubuntu noble/universe amd64 libavfilter9 amd64 7:6.1.1-3ubuntu5 [4235 kB]
2025-09-07T15:07:33.8641953Z Get:82 http://azure.archive.ubuntu.com/ubuntu noble-updates/main amd64 liborc-0.4-0t64 amd64 1:0.4.38-1ubuntu0.1 [207 kB]
2025-09-07T15:07:33.9101165Z Get:83 http://azure.archive.ubuntu.com/ubuntu noble-updates/main amd64 libgstreamer-plugins-base1.0-0 amd64 1.24.2-1ubuntu0.3 [862 kB]
2025-09-07T15:07:34.0032694Z Get:84 http://azure.archive.ubuntu.com/ubuntu noble/universe amd64 gstreamer1.0-libav amd64 1.24.1-1build1 [103 kB]
2025-09-07T15:07:34.0450643Z Get:85 http://azure.archive.ubuntu.com/ubuntu noble/main amd64 libcdparanoia0 amd64 3.10.2+debian-14build3 [48.5 kB]
2025-09-07T15:07:34.0870053Z Get:86 http://azure.archive.ubuntu.com/ubuntu noble/main amd64 libvisual-0.4-0 amd64 0.4.2-2build1 [115 kB]
2025-09-07T15:07:34.1300804Z Get:87 http://azure.archive.ubuntu.com/ubuntu noble-updates/main amd64 gstreamer1.0-plugins-base amd64 1.24.2-1ubuntu0.3 [721 kB]
2025-09-07T15:07:34.2183680Z Get:88 http://azure.archive.ubuntu.com/ubuntu noble/main amd64 libaa1 amd64 1.4p5-51.1 [49.9 kB]
2025-09-07T15:07:34.2596013Z Get:89 http://azure.archive.ubuntu.com/ubuntu noble/main amd64 libraw1394-11 amd64 2.1.2-2build3 [26.2 kB]
2025-09-07T15:07:34.3008976Z Get:90 http://azure.archive.ubuntu.com/ubuntu noble/main amd64 libavc1394-0 amd64 0.5.4-5build3 [15.4 kB]
2025-09-07T15:07:34.3421810Z Get:91 http://azure.archive.ubuntu.com/ubuntu noble/main amd64 libcaca0 amd64 0.99.beta20-4build2 [208 kB]
2025-09-07T15:07:34.3854927Z Get:92 http://azure.archive.ubuntu.com/ubuntu noble/main amd64 libdv4t64 amd64 1.0.0-17.1build1 [63.2 kB]
2025-09-07T15:07:34.4271037Z Get:93 http://azure.archive.ubuntu.com/ubuntu noble-updates/main amd64 libgstreamer-plugins-good1.0-0 amd64 1.24.2-1ubuntu1.2 [33.0 kB]
2025-09-07T15:07:34.4688548Z Get:94 http://azure.archive.ubuntu.com/ubuntu noble/main amd64 libiec61883-0 amd64 1.2.0-6build1 [24.5 kB]
2025-09-07T15:07:34.5110221Z Get:95 http://azure.archive.ubuntu.com/ubuntu noble/main amd64 libshout3 amd64 2.4.6-1build2 [50.3 kB]
2025-09-07T15:07:34.5528802Z Get:96 http://azure.archive.ubuntu.com/ubuntu noble/main amd64 libtag1v5-vanilla amd64 1.13.1-1build1 [326 kB]
2025-09-07T15:07:34.5976797Z Get:97 http://azure.archive.ubuntu.com/ubuntu noble/main amd64 libtag1v5 amd64 1.13.1-1build1 [11.7 kB]
2025-09-07T15:07:34.6394319Z Get:98 http://azure.archive.ubuntu.com/ubuntu noble/main amd64 libv4lconvert0t64 amd64 1.26.1-4build3 [87.6 kB]
2025-09-07T15:07:34.6823539Z Get:99 http://azure.archive.ubuntu.com/ubuntu noble/main amd64 libv4l-0t64 amd64 1.26.1-4build3 [46.9 kB]
2025-09-07T15:07:34.7277406Z Get:100 http://azure.archive.ubuntu.com/ubuntu noble/main amd64 libwavpack1 amd64 5.6.0-1build1 [84.6 kB]
2025-09-07T15:07:34.7767978Z Get:101 http://azure.archive.ubuntu.com/ubuntu noble-updates/main amd64 libsoup-3.0-common all 3.4.4-5ubuntu0.5 [11.3 kB]
2025-09-07T15:07:34.8182412Z Get:102 http://azure.archive.ubuntu.com/ubuntu noble-updates/main amd64 libsoup-3.0-0 amd64 3.4.4-5ubuntu0.5 [291 kB]
2025-09-07T15:07:34.8669114Z Get:103 http://azure.archive.ubuntu.com/ubuntu noble-updates/main amd64 gstreamer1.0-plugins-good amd64 1.24.2-1ubuntu1.2 [2238 kB]
2025-09-07T15:07:35.0266937Z Get:104 http://azure.archive.ubuntu.com/ubuntu noble-updates/main amd64 libabsl20220623t64 amd64 20220623.1-3.1ubuntu3.2 [423 kB]
2025-09-07T15:07:35.1071574Z Get:105 http://azure.archive.ubuntu.com/ubuntu noble/universe amd64 libgav1-1 amd64 0.18.0-1build3 [357 kB]
2025-09-07T15:07:35.1526258Z Get:106 http://azure.archive.ubuntu.com/ubuntu noble/universe amd64 libyuv0 amd64 0.0~git202401110.af6ac82-1 [178 kB]
2025-09-07T15:07:35.1949963Z Get:107 http://azure.archive.ubuntu.com/ubuntu noble/universe amd64 libavif16 amd64 1.0.4-1ubuntu3 [91.2 kB]
2025-09-07T15:07:35.2365290Z Get:108 http://azure.archive.ubuntu.com/ubuntu noble/universe amd64 libavtp0 amd64 0.2.0-1build1 [6414 B]
2025-09-07T15:07:35.2776258Z Get:109 http://azure.archive.ubuntu.com/ubuntu noble/main amd64 libcairo-script-interpreter2 amd64 1.18.0-3build1 [60.3 kB]
2025-09-07T15:07:35.3194305Z Get:110 http://azure.archive.ubuntu.com/ubuntu noble/universe amd64 libdc1394-25 amd64 2.2.6-4build1 [90.1 kB]
2025-09-07T15:07:35.3611432Z Get:111 http://azure.archive.ubuntu.com/ubuntu noble/main amd64 libdecor-0-0 amd64 0.2.2-1build2 [16.5 kB]
2025-09-07T15:07:35.4024730Z Get:112 http://azure.archive.ubuntu.com/ubuntu noble/main amd64 libgles2 amd64 1.7.0-1build1 [17.1 kB]
2025-09-07T15:07:35.4443744Z Get:113 http://azure.archive.ubuntu.com/ubuntu noble/universe amd64 libdirectfb-1.7-7t64 amd64 1.7.7-11.1ubuntu2 [1035 kB]
2025-09-07T15:07:35.5323277Z Get:114 http://azure.archive.ubuntu.com/ubuntu noble/universe amd64 libdvdread8t64 amd64 6.1.3-1.1build1 [54.7 kB]
2025-09-07T15:07:35.5741073Z Get:115 http://azure.archive.ubuntu.com/ubuntu noble/universe amd64 libdvdnav4 amd64 6.1.1-3build1 [39.5 kB]
2025-09-07T15:07:35.6161830Z Get:116 http://azure.archive.ubuntu.com/ubuntu noble-updates/main amd64 libgl1-mesa-dri amd64 25.0.7-0ubuntu0.24.04.2 [35.8 kB]
2025-09-07T15:07:35.6574516Z Get:117 http://azure.archive.ubuntu.com/ubuntu noble-updates/main amd64 libglx-mesa0 amd64 25.0.7-0ubuntu0.24.04.2 [141 kB]
2025-09-07T15:07:35.6996457Z Get:118 http://azure.archive.ubuntu.com/ubuntu noble-updates/main amd64 libllvm20 amd64 1:20.1.2-0ubuntu1~24.04.2 [30.6 MB]
2025-09-07T15:07:36.2970891Z Get:119 http://azure.archive.ubuntu.com/ubuntu noble-updates/main amd64 libgbm1 amd64 25.0.7-0ubuntu0.24.04.2 [32.7 kB]
2025-09-07T15:07:36.3385040Z Get:120 http://azure.archive.ubuntu.com/ubuntu noble-updates/main amd64 mesa-libgallium amd64 25.0.7-0ubuntu0.24.04.2 [10.3 MB]
2025-09-07T15:07:36.6586383Z Get:121 http://azure.archive.ubuntu.com/ubuntu noble-updates/main amd64 libegl-mesa0 amd64 25.0.7-0ubuntu0.24.04.2 [124 kB]
2025-09-07T15:07:36.7011260Z Get:122 http://azure.archive.ubuntu.com/ubuntu noble/main amd64 libevent-2.1-7t64 amd64 2.1.12-stable-9ubuntu2 [145 kB]
2025-09-07T15:07:36.7433011Z Get:123 http://azure.archive.ubuntu.com/ubuntu noble/universe amd64 libfaad2 amd64 2.11.1-1build1 [207 kB]
2025-09-07T15:07:36.7878827Z Get:124 http://azure.archive.ubuntu.com/ubuntu noble/universe amd64 libinstpatch-1.0-2 amd64 1.1.6-1build2 [251 kB]
2025-09-07T15:07:36.8360666Z Get:125 http://azure.archive.ubuntu.com/ubuntu noble/main amd64 libjack-jackd2-0 amd64 1.9.21~dfsg-3ubuntu3 [289 kB]
2025-09-07T15:07:36.8798759Z Get:126 http://azure.archive.ubuntu.com/ubuntu noble/main amd64 libwebrtc-audio-processing1 amd64 0.3.1-0ubuntu6 [290 kB]
2025-09-07T15:07:36.9241969Z Get:127 http://azure.archive.ubuntu.com/ubuntu noble-updates/main amd64 libspa-0.2-modules amd64 1.0.5-1ubuntu3.1 [626 kB]
2025-09-07T15:07:37.0065626Z Get:128 http://azure.archive.ubuntu.com/ubuntu noble-updates/main amd64 libpipewire-0.3-0t64 amd64 1.0.5-1ubuntu3.1 [252 kB]
2025-09-07T15:07:37.0502420Z Get:129 http://azure.archive.ubuntu.com/ubuntu noble-updates/main amd64 libsdl2-2.0-0 amd64 2.30.0+dfsg-1ubuntu3.1 [686 kB]
2025-09-07T15:07:37.1371920Z Get:130 http://azure.archive.ubuntu.com/ubuntu noble/universe amd64 timgm6mb-soundfont all 1.3-5 [5427 kB]
2025-09-07T15:07:37.3935363Z Get:131 http://azure.archive.ubuntu.com/ubuntu noble/universe amd64 libfluidsynth3 amd64 2.3.4-1build3 [249 kB]
2025-09-07T15:07:37.4413756Z Get:132 http://azure.archive.ubuntu.com/ubuntu noble/main amd64 libfreeaptx0 amd64 0.1.1-2build1 [13.5 kB]
2025-09-07T15:07:37.4865213Z Get:133 http://azure.archive.ubuntu.com/ubuntu noble/main amd64 libgraphene-1.0-0 amd64 1.10.8-3build2 [46.2 kB]
2025-09-07T15:07:37.5306930Z Get:134 http://azure.archive.ubuntu.com/ubuntu noble/main amd64 libgssdp-1.6-0 amd64 1.6.3-1build3 [40.4 kB]
2025-09-07T15:07:37.5754063Z Get:135 http://azure.archive.ubuntu.com/ubuntu noble/main amd64 libegl1 amd64 1.7.0-1build1 [28.7 kB]
2025-09-07T15:07:37.6197720Z Get:136 http://azure.archive.ubuntu.com/ubuntu noble-updates/main amd64 libgstreamer-gl1.0-0 amd64 1.24.2-1ubuntu0.3 [214 kB]
2025-09-07T15:07:37.6702515Z Get:137 http://azure.archive.ubuntu.com/ubuntu noble-updates/main amd64 libgtk-4-common all 4.14.5+ds-0ubuntu0.5 [1497 kB]
2025-09-07T15:07:37.8025877Z Get:138 http://azure.archive.ubuntu.com/ubuntu noble-updates/main amd64 libgtk-4-1 amd64 4.14.5+ds-0ubuntu0.5 [3293 kB]
2025-09-07T15:07:38.0182277Z Get:139 http://azure.archive.ubuntu.com/ubuntu noble/main amd64 libgupnp-1.6-0 amd64 1.6.6-1build3 [92.7 kB]
2025-09-07T15:07:38.0631580Z Get:140 http://azure.archive.ubuntu.com/ubuntu noble/universe amd64 libgupnp-igd-1.6-0 amd64 1.6.0-3build3 [16.5 kB]
2025-09-07T15:07:38.1074619Z Get:141 http://azure.archive.ubuntu.com/ubuntu noble/main amd64 libharfbuzz-icu0 amd64 8.3.0-2build2 [13.3 kB]
2025-09-07T15:07:38.1524792Z Get:142 http://azure.archive.ubuntu.com/ubuntu noble/main amd64 libhyphen0 amd64 2.8.8-7build3 [26.5 kB]
2025-09-07T15:07:38.1970873Z Get:143 http://azure.archive.ubuntu.com/ubuntu noble/universe amd64 libimath-3-1-29t64 amd64 3.1.9-3.1ubuntu2 [72.2 kB]
2025-09-07T15:07:38.2423839Z Get:144 http://azure.archive.ubuntu.com/ubuntu noble/main amd64 liblc3-1 amd64 1.0.4-3build1 [69.7 kB]
2025-09-07T15:07:38.2867611Z Get:145 http://azure.archive.ubuntu.com/ubuntu noble/main amd64 libldacbt-enc2 amd64 2.0.2.3+git20200429+ed310a0-4ubuntu2 [27.1 kB]
2025-09-07T15:07:38.3310094Z Get:146 http://azure.archive.ubuntu.com/ubuntu noble-updates/main amd64 libraptor2-0 amd64 2.0.16-3ubuntu0.1 [165 kB]
2025-09-07T15:07:38.3768149Z Get:147 http://azure.archive.ubuntu.com/ubuntu noble/universe amd64 liblrdf0 amd64 0.6.1-4build1 [18.5 kB]
2025-09-07T15:07:38.4214850Z Get:148 http://azure.archive.ubuntu.com/ubuntu noble/universe amd64 libltc11 amd64 1.3.2-1build1 [13.0 kB]
2025-09-07T15:07:38.4660967Z Get:149 http://azure.archive.ubuntu.com/ubuntu noble/main amd64 libmanette-0.2-0 amd64 0.2.7-1build2 [30.6 kB]
2025-09-07T15:07:38.5109469Z Get:150 http://azure.archive.ubuntu.com/ubuntu noble/universe amd64 libmfx1 amd64 22.5.4-1 [3124 kB]
2025-09-07T15:07:38.6850295Z Get:151 http://azure.archive.ubuntu.com/ubuntu noble/universe amd64 libmjpegutils-2.1-0t64 amd64 1:2.1.0+debian-8.1build1 [25.5 kB]
2025-09-07T15:07:38.7288971Z Get:152 http://azure.archive.ubuntu.com/ubuntu noble/universe amd64 libmodplug1 amd64 1:0.8.9.0-3build1 [166 kB]
2025-09-07T15:07:38.7754878Z Get:153 http://azure.archive.ubuntu.com/ubuntu noble/universe amd64 libmpcdec6 amd64 2:0.1~r495-2build1 [32.7 kB]
2025-09-07T15:07:38.8198660Z Get:154 http://azure.archive.ubuntu.com/ubuntu noble/universe amd64 libmpeg2encpp-2.1-0t64 amd64 1:2.1.0+debian-8.1build1 [75.6 kB]
2025-09-07T15:07:38.8644888Z Get:155 http://azure.archive.ubuntu.com/ubuntu noble/universe amd64 libmplex2-2.1-0t64 amd64 1:2.1.0+debian-8.1build1 [46.1 kB]
2025-09-07T15:07:38.9090548Z Get:156 http://azure.archive.ubuntu.com/ubuntu noble/universe amd64 libneon27t64 amd64 0.33.0-1.1build3 [102 kB]
2025-09-07T15:07:38.9646201Z Get:157 http://azure.archive.ubuntu.com/ubuntu noble/universe amd64 libnice10 amd64 0.1.21-2build3 [157 kB]
2025-09-07T15:07:39.0104483Z Get:158 http://azure.archive.ubuntu.com/ubuntu noble/universe amd64 libopenal-data all 1:1.23.1-4build1 [161 kB]
2025-09-07T15:07:39.0566385Z Get:159 http://azure.archive.ubuntu.com/ubuntu noble/universe amd64 libopenexr-3-1-30 amd64 3.1.5-5.1build3 [1004 kB]
2025-09-07T15:07:39.1497391Z Get:160 http://azure.archive.ubuntu.com/ubuntu noble/universe amd64 libopenh264-7 amd64 2.4.1+dfsg-1 [409 kB]
2025-09-07T15:07:39.2362453Z Get:161 http://azure.archive.ubuntu.com/ubuntu noble/universe amd64 libopenni2-0 amd64 2.2.0.33+dfsg-18 [370 kB]
2025-09-07T15:07:39.2958117Z Get:162 http://azure.archive.ubuntu.com/ubuntu noble/universe amd64 libqrencode4 amd64 4.1.1-1build2 [25.0 kB]
2025-09-07T15:07:39.3474043Z Get:163 http://azure.archive.ubuntu.com/ubuntu noble/main amd64 libsecret-common all 0.21.4-1build3 [4962 B]
2025-09-07T15:07:39.3917987Z Get:164 http://azure.archive.ubuntu.com/ubuntu noble/main amd64 libsecret-1-0 amd64 0.21.4-1build3 [116 kB]
2025-09-07T15:07:39.4767222Z Get:165 http://azure.archive.ubuntu.com/ubuntu noble/universe amd64 libsndio7.0 amd64 1.9.0-0.3build3 [29.6 kB]
2025-09-07T15:07:39.5212782Z Get:166 http://azure.archive.ubuntu.com/ubuntu noble/universe amd64 libsoundtouch1 amd64 2.3.2+ds1-1build1 [60.5 kB]
2025-09-07T15:07:39.5665238Z Get:167 http://azure.archive.ubuntu.com/ubuntu noble/universe amd64 libspandsp2t64 amd64 0.0.6+dfsg-2.1build1 [311 kB]
2025-09-07T15:07:39.6151809Z Get:168 http://azure.archive.ubuntu.com/ubuntu noble/universe amd64 libsrtp2-1 amd64 2.5.0-3build1 [41.9 kB]
2025-09-07T15:07:39.6610785Z Get:169 http://azure.archive.ubuntu.com/ubuntu noble/universe amd64 libwildmidi2 amd64 0.4.3-1build3 [68.5 kB]
2025-09-07T15:07:39.7061466Z Get:170 http://azure.archive.ubuntu.com/ubuntu noble/main amd64 libwoff1 amd64 1.0.2-2build1 [45.3 kB]
2025-09-07T15:07:39.7511602Z Get:171 http://azure.archive.ubuntu.com/ubuntu noble/main amd64 libxcb-xkb1 amd64 1.15-1ubuntu2 [32.3 kB]
2025-09-07T15:07:39.7958591Z Get:172 http://azure.archive.ubuntu.com/ubuntu noble/main amd64 libxkbcommon-x11-0 amd64 1.6.0-1build1 [14.5 kB]
2025-09-07T15:07:39.8401246Z Get:173 http://azure.archive.ubuntu.com/ubuntu noble/universe amd64 libzbar0t64 amd64 0.23.93-4build3 [123 kB]
2025-09-07T15:07:39.8852313Z Get:174 http://azure.archive.ubuntu.com/ubuntu noble/universe amd64 libzxing3 amd64 2.2.1-3 [583 kB]
2025-09-07T15:07:39.9769205Z Get:175 http://azure.archive.ubuntu.com/ubuntu noble/main amd64 xfonts-encodings all 1:1.0.5-0ubuntu2 [578 kB]
2025-09-07T15:07:40.0804037Z Get:176 http://azure.archive.ubuntu.com/ubuntu noble/main amd64 xfonts-utils amd64 1:7.7+6build3 [94.4 kB]
2025-09-07T15:07:40.1257682Z Get:177 http://azure.archive.ubuntu.com/ubuntu noble/universe amd64 xfonts-cyrillic all 1:1.0.5+nmu1 [384 kB]
2025-09-07T15:07:40.2125904Z Get:178 http://azure.archive.ubuntu.com/ubuntu noble/main amd64 xfonts-scalable all 1:1.0.3-1.3 [304 kB]
2025-09-07T15:07:40.2592137Z Get:179 http://azure.archive.ubuntu.com/ubuntu noble/universe amd64 libgstreamer-plugins-bad1.0-0 amd64 1.24.2-1ubuntu4 [797 kB]
2025-09-07T15:07:40.3494071Z Get:180 http://azure.archive.ubuntu.com/ubuntu noble/universe amd64 libdca0 amd64 0.0.7-2build1 [93.8 kB]
2025-09-07T15:07:40.3941350Z Get:181 http://azure.archive.ubuntu.com/ubuntu noble/universe amd64 libopenal1 amd64 1:1.23.1-4build1 [540 kB]
2025-09-07T15:07:40.4818287Z Get:182 http://azure.archive.ubuntu.com/ubuntu noble/main amd64 libsbc1 amd64 2.0-1build1 [33.9 kB]
2025-09-07T15:07:40.5263151Z Get:183 http://azure.archive.ubuntu.com/ubuntu noble/universe amd64 libvo-aacenc0 amd64 0.1.3-2build1 [67.8 kB]
2025-09-07T15:07:40.5717205Z Get:184 http://azure.archive.ubuntu.com/ubuntu noble/universe amd64 libvo-amrwbenc0 amd64 0.1.3-2build1 [76.7 kB]
2025-09-07T15:07:40.6182359Z Get:185 http://azure.archive.ubuntu.com/ubuntu noble/universe amd64 gstreamer1.0-plugins-bad amd64 1.24.2-1ubuntu4 [3081 kB]
2025-09-07T15:07:41.1890365Z Fetched 155 MB in 14s (11.1 MB/s)
2025-09-07T15:07:41.2328069Z Selecting previously unselected package fonts-ipafont-gothic.
2025-09-07T15:07:41.4484016Z (Reading database ... 
2025-09-07T15:07:41.4484384Z (Reading database ... 5%
2025-09-07T15:07:41.4484650Z (Reading database ... 10%
2025-09-07T15:07:41.4484910Z (Reading database ... 15%
2025-09-07T15:07:41.4485164Z (Reading database ... 20%
2025-09-07T15:07:41.4485613Z (Reading database ... 25%
2025-09-07T15:07:41.4485865Z (Reading database ... 30%
2025-09-07T15:07:41.4486104Z (Reading database ... 35%
2025-09-07T15:07:41.4486342Z (Reading database ... 40%
2025-09-07T15:07:41.4486585Z (Reading database ... 45%
2025-09-07T15:07:41.4486814Z (Reading database ... 50%
2025-09-07T15:07:41.8631319Z (Reading database ... 55%
2025-09-07T15:07:42.6272499Z (Reading database ... 60%
2025-09-07T15:07:43.3522161Z (Reading database ... 65%
2025-09-07T15:07:44.1735847Z (Reading database ... 70%
2025-09-07T15:07:45.0391148Z (Reading database ... 75%
2025-09-07T15:07:46.5068556Z (Reading database ... 80%
2025-09-07T15:07:47.8951906Z (Reading database ... 85%
2025-09-07T15:07:49.6958761Z (Reading database ... 90%
2025-09-07T15:07:51.1927019Z (Reading database ... 95%
2025-09-07T15:07:51.1927407Z (Reading database ... 100%
2025-09-07T15:07:51.1927965Z (Reading database ... 219960 files and directories currently installed.)
2025-09-07T15:07:51.1971473Z Preparing to unpack .../000-fonts-ipafont-gothic_00303-21ubuntu1_all.deb ...
2025-09-07T15:07:51.2077338Z Unpacking fonts-ipafont-gothic (00303-21ubuntu1) ...
2025-09-07T15:07:51.4359893Z Selecting previously unselected package fonts-freefont-ttf.
2025-09-07T15:07:51.4493893Z Preparing to unpack .../001-fonts-freefont-ttf_20211204+svn4273-2_all.deb ...
2025-09-07T15:07:51.4501298Z Unpacking fonts-freefont-ttf (20211204+svn4273-2) ...
2025-09-07T15:07:51.5882977Z Selecting previously unselected package fonts-tlwg-loma-otf.
2025-09-07T15:07:51.6016821Z Preparing to unpack .../002-fonts-tlwg-loma-otf_1%3a0.7.3-1_all.deb ...
2025-09-07T15:07:51.6025371Z Unpacking fonts-tlwg-loma-otf (1:0.7.3-1) ...
2025-09-07T15:07:51.6232868Z Selecting previously unselected package fonts-unifont.
2025-09-07T15:07:51.6365330Z Preparing to unpack .../003-fonts-unifont_1%3a15.1.01-1build1_all.deb ...
2025-09-07T15:07:51.6373180Z Unpacking fonts-unifont (1:15.1.01-1build1) ...
2025-09-07T15:07:51.7531778Z Selecting previously unselected package fonts-wqy-zenhei.
2025-09-07T15:07:51.7665196Z Preparing to unpack .../004-fonts-wqy-zenhei_0.9.45-8_all.deb ...
2025-09-07T15:07:51.7854994Z Unpacking fonts-wqy-zenhei (0.9.45-8) ...
2025-09-07T15:07:52.2441470Z Selecting previously unselected package libproxy1v5:amd64.
2025-09-07T15:07:52.2574064Z Preparing to unpack .../005-libproxy1v5_0.5.4-4build1_amd64.deb ...
2025-09-07T15:07:52.2604500Z Unpacking libproxy1v5:amd64 (0.5.4-4build1) ...
2025-09-07T15:07:52.2988549Z Selecting previously unselected package glib-networking-common.
2025-09-07T15:07:52.3122908Z Preparing to unpack .../006-glib-networking-common_2.80.0-1build1_all.deb ...
2025-09-07T15:07:52.3130002Z Unpacking glib-networking-common (2.80.0-1build1) ...
2025-09-07T15:07:52.3318171Z Selecting previously unselected package glib-networking-services.
2025-09-07T15:07:52.3449191Z Preparing to unpack .../007-glib-networking-services_2.80.0-1build1_amd64.deb ...
2025-09-07T15:07:52.3457929Z Unpacking glib-networking-services (2.80.0-1build1) ...
2025-09-07T15:07:52.3665877Z Selecting previously unselected package session-migration.
2025-09-07T15:07:52.3793784Z Preparing to unpack .../008-session-migration_0.3.9build1_amd64.deb ...
2025-09-07T15:07:52.3803160Z Unpacking session-migration (0.3.9build1) ...
2025-09-07T15:07:52.4269458Z Selecting previously unselected package gsettings-desktop-schemas.
2025-09-07T15:07:52.4409617Z Preparing to unpack .../009-gsettings-desktop-schemas_46.1-0ubuntu1_all.deb ...
2025-09-07T15:07:52.4419088Z Unpacking gsettings-desktop-schemas (46.1-0ubuntu1) ...
2025-09-07T15:07:52.4698075Z Selecting previously unselected package glib-networking:amd64.
2025-09-07T15:07:52.4828595Z Preparing to unpack .../010-glib-networking_2.80.0-1build1_amd64.deb ...
2025-09-07T15:07:52.4840463Z Unpacking glib-networking:amd64 (2.80.0-1build1) ...
2025-09-07T15:07:52.5067772Z Selecting previously unselected package libva2:amd64.
2025-09-07T15:07:52.5197775Z Preparing to unpack .../011-libva2_2.20.0-2build1_amd64.deb ...
2025-09-07T15:07:52.5208275Z Unpacking libva2:amd64 (2.20.0-2build1) ...
2025-09-07T15:07:52.5421265Z Selecting previously unselected package libva-drm2:amd64.
2025-09-07T15:07:52.5551640Z Preparing to unpack .../012-libva-drm2_2.20.0-2build1_amd64.deb ...
2025-09-07T15:07:52.5559925Z Unpacking libva-drm2:amd64 (2.20.0-2build1) ...
2025-09-07T15:07:52.5758709Z Selecting previously unselected package libva-x11-2:amd64.
2025-09-07T15:07:52.5887910Z Preparing to unpack .../013-libva-x11-2_2.20.0-2build1_amd64.deb ...
2025-09-07T15:07:52.5897002Z Unpacking libva-x11-2:amd64 (2.20.0-2build1) ...
2025-09-07T15:07:52.6123253Z Selecting previously unselected package libvdpau1:amd64.
2025-09-07T15:07:52.6249199Z Preparing to unpack .../014-libvdpau1_1.5-2build1_amd64.deb ...
2025-09-07T15:07:52.6256581Z Unpacking libvdpau1:amd64 (1.5-2build1) ...
2025-09-07T15:07:52.6469253Z Selecting previously unselected package libvpl2.
2025-09-07T15:07:52.6595605Z Preparing to unpack .../015-libvpl2_2023.3.0-1build1_amd64.deb ...
2025-09-07T15:07:52.6604882Z Unpacking libvpl2 (2023.3.0-1build1) ...
2025-09-07T15:07:52.6818774Z Selecting previously unselected package ocl-icd-libopencl1:amd64.
2025-09-07T15:07:52.6945041Z Preparing to unpack .../016-ocl-icd-libopencl1_2.3.2-1build1_amd64.deb ...
2025-09-07T15:07:52.6954184Z Unpacking ocl-icd-libopencl1:amd64 (2.3.2-1build1) ...
2025-09-07T15:07:52.7279144Z Selecting previously unselected package libavutil58:amd64.
2025-09-07T15:07:52.7406736Z Preparing to unpack .../017-libavutil58_7%3a6.1.1-3ubuntu5_amd64.deb ...
2025-09-07T15:07:52.7415046Z Unpacking libavutil58:amd64 (7:6.1.1-3ubuntu5) ...
2025-09-07T15:07:52.7663192Z Selecting previously unselected package libcodec2-1.2:amd64.
2025-09-07T15:07:52.7791990Z Preparing to unpack .../018-libcodec2-1.2_1.2.0-2build1_amd64.deb ...
2025-09-07T15:07:52.7800220Z Unpacking libcodec2-1.2:amd64 (1.2.0-2build1) ...
2025-09-07T15:07:52.8601952Z Selecting previously unselected package libdav1d7:amd64.
2025-09-07T15:07:52.8736373Z Preparing to unpack .../019-libdav1d7_1.4.1-1build1_amd64.deb ...
2025-09-07T15:07:52.8744459Z Unpacking libdav1d7:amd64 (1.4.1-1build1) ...
2025-09-07T15:07:52.9032395Z Selecting previously unselected package libgsm1:amd64.
2025-09-07T15:07:52.9166551Z Preparing to unpack .../020-libgsm1_1.0.22-1build1_amd64.deb ...
2025-09-07T15:07:52.9174887Z Unpacking libgsm1:amd64 (1.0.22-1build1) ...
2025-09-07T15:07:52.9395381Z Selecting previously unselected package libhwy1t64:amd64.
2025-09-07T15:07:52.9527394Z Preparing to unpack .../021-libhwy1t64_1.0.7-8.1build1_amd64.deb ...
2025-09-07T15:07:52.9535989Z Unpacking libhwy1t64:amd64 (1.0.7-8.1build1) ...
2025-09-07T15:07:52.9861149Z Selecting previously unselected package libjxl0.7:amd64.
2025-09-07T15:07:52.9993372Z Preparing to unpack .../022-libjxl0.7_0.7.0-10.2ubuntu6.1_amd64.deb ...
2025-09-07T15:07:53.0003119Z Unpacking libjxl0.7:amd64 (0.7.0-10.2ubuntu6.1) ...
2025-09-07T15:07:53.0364098Z Selecting previously unselected package libmp3lame0:amd64.
2025-09-07T15:07:53.0503804Z Preparing to unpack .../023-libmp3lame0_3.100-6build1_amd64.deb ...
2025-09-07T15:07:53.0517604Z Unpacking libmp3lame0:amd64 (3.100-6build1) ...
2025-09-07T15:07:53.0755212Z Selecting previously unselected package libopus0:amd64.
2025-09-07T15:07:53.0896270Z Preparing to unpack .../024-libopus0_1.4-1build1_amd64.deb ...
2025-09-07T15:07:53.0906742Z Unpacking libopus0:amd64 (1.4-1build1) ...
2025-09-07T15:07:53.1140025Z Selecting previously unselected package librav1e0:amd64.
2025-09-07T15:07:53.1280239Z Preparing to unpack .../025-librav1e0_0.7.1-2_amd64.deb ...
2025-09-07T15:07:53.1288513Z Unpacking librav1e0:amd64 (0.7.1-2) ...
2025-09-07T15:07:53.1640397Z Selecting previously unselected package librsvg2-2:amd64.
2025-09-07T15:07:53.1773218Z Preparing to unpack .../026-librsvg2-2_2.58.0+dfsg-1build1_amd64.deb ...
2025-09-07T15:07:53.1781688Z Unpacking librsvg2-2:amd64 (2.58.0+dfsg-1build1) ...
2025-09-07T15:07:53.2260049Z Selecting previously unselected package libshine3:amd64.
2025-09-07T15:07:53.2393610Z Preparing to unpack .../027-libshine3_3.1.1-2build1_amd64.deb ...
2025-09-07T15:07:53.2401990Z Unpacking libshine3:amd64 (3.1.1-2build1) ...
2025-09-07T15:07:53.2603597Z Selecting previously unselected package libspeex1:amd64.
2025-09-07T15:07:53.2735964Z Preparing to unpack .../028-libspeex1_1.2.1-2ubuntu2.24.04.1_amd64.deb ...
2025-09-07T15:07:53.2744710Z Unpacking libspeex1:amd64 (1.2.1-2ubuntu2.24.04.1) ...
2025-09-07T15:07:53.2956215Z Selecting previously unselected package libsvtav1enc1d1:amd64.
2025-09-07T15:07:53.3087320Z Preparing to unpack .../029-libsvtav1enc1d1_1.7.0+dfsg-2build1_amd64.deb ...
2025-09-07T15:07:53.3095976Z Unpacking libsvtav1enc1d1:amd64 (1.7.0+dfsg-2build1) ...
2025-09-07T15:07:53.3613703Z Selecting previously unselected package libsoxr0:amd64.
2025-09-07T15:07:53.3747767Z Preparing to unpack .../030-libsoxr0_0.1.3-4build3_amd64.deb ...
2025-09-07T15:07:53.3755821Z Unpacking libsoxr0:amd64 (0.1.3-4build3) ...
2025-09-07T15:07:53.4071273Z Selecting previously unselected package libswresample4:amd64.
2025-09-07T15:07:53.4204083Z Preparing to unpack .../031-libswresample4_7%3a6.1.1-3ubuntu5_amd64.deb ...
2025-09-07T15:07:53.4212508Z Unpacking libswresample4:amd64 (7:6.1.1-3ubuntu5) ...
2025-09-07T15:07:53.4427741Z Selecting previously unselected package libtheora0:amd64.
2025-09-07T15:07:53.4559550Z Preparing to unpack .../032-libtheora0_1.1.1+dfsg.1-16.1build3_amd64.deb ...
2025-09-07T15:07:53.4567639Z Unpacking libtheora0:amd64 (1.1.1+dfsg.1-16.1build3) ...
2025-09-07T15:07:53.4804954Z Selecting previously unselected package libtwolame0:amd64.
2025-09-07T15:07:53.4937921Z Preparing to unpack .../033-libtwolame0_0.4.0-2build3_amd64.deb ...
2025-09-07T15:07:53.4946767Z Unpacking libtwolame0:amd64 (0.4.0-2build3) ...
2025-09-07T15:07:53.5162478Z Selecting previously unselected package libvorbisenc2:amd64.
2025-09-07T15:07:53.5292465Z Preparing to unpack .../034-libvorbisenc2_1.3.7-1build3_amd64.deb ...
2025-09-07T15:07:53.5301731Z Unpacking libvorbisenc2:amd64 (1.3.7-1build3) ...
2025-09-07T15:07:53.5537179Z Selecting previously unselected package libvpx9:amd64.
2025-09-07T15:07:53.5665701Z Preparing to unpack .../035-libvpx9_1.14.0-1ubuntu2.2_amd64.deb ...
2025-09-07T15:07:53.5674985Z Unpacking libvpx9:amd64 (1.14.0-1ubuntu2.2) ...
2025-09-07T15:07:53.6013601Z Selecting previously unselected package libx264-164:amd64.
2025-09-07T15:07:53.6144652Z Preparing to unpack .../036-libx264-164_2%3a0.164.3108+git31e19f9-1_amd64.deb ...
2025-09-07T15:07:53.6153461Z Unpacking libx264-164:amd64 (2:0.164.3108+git31e19f9-1) ...
2025-09-07T15:07:53.6445920Z Selecting previously unselected package libx265-199:amd64.
2025-09-07T15:07:53.6576254Z Preparing to unpack .../037-libx265-199_3.5-2build1_amd64.deb ...
2025-09-07T15:07:53.6586985Z Unpacking libx265-199:amd64 (3.5-2build1) ...
2025-09-07T15:07:53.7328335Z Selecting previously unselected package libxvidcore4:amd64.
2025-09-07T15:07:53.7470621Z Preparing to unpack .../038-libxvidcore4_2%3a1.3.7-1build1_amd64.deb ...
2025-09-07T15:07:53.7481231Z Unpacking libxvidcore4:amd64 (2:1.3.7-1build1) ...
2025-09-07T15:07:53.7708494Z Selecting previously unselected package libzvbi-common.
2025-09-07T15:07:53.7842159Z Preparing to unpack .../039-libzvbi-common_0.2.42-2_all.deb ...
2025-09-07T15:07:53.7850067Z Unpacking libzvbi-common (0.2.42-2) ...
2025-09-07T15:07:53.8759665Z Selecting previously unselected package libzvbi0t64:amd64.
2025-09-07T15:07:53.8892193Z Preparing to unpack .../040-libzvbi0t64_0.2.42-2_amd64.deb ...
2025-09-07T15:07:53.8901766Z Unpacking libzvbi0t64:amd64 (0.2.42-2) ...
2025-09-07T15:07:53.9152695Z Selecting previously unselected package libavcodec60:amd64.
2025-09-07T15:07:53.9284639Z Preparing to unpack .../041-libavcodec60_7%3a6.1.1-3ubuntu5_amd64.deb ...
2025-09-07T15:07:53.9293275Z Unpacking libavcodec60:amd64 (7:6.1.1-3ubuntu5) ...
2025-09-07T15:07:54.0177808Z Selecting previously unselected package libunibreak5:amd64.
2025-09-07T15:07:54.0311964Z Preparing to unpack .../042-libunibreak5_5.1-2build1_amd64.deb ...
2025-09-07T15:07:54.0319912Z Unpacking libunibreak5:amd64 (5.1-2build1) ...
2025-09-07T15:07:54.0527056Z Selecting previously unselected package libass9:amd64.
2025-09-07T15:07:54.0659092Z Preparing to unpack .../043-libass9_1%3a0.17.1-2build1_amd64.deb ...
2025-09-07T15:07:54.0667031Z Unpacking libass9:amd64 (1:0.17.1-2build1) ...
2025-09-07T15:07:54.0886659Z Selecting previously unselected package libudfread0:amd64.
2025-09-07T15:07:54.1016820Z Preparing to unpack .../044-libudfread0_1.1.2-1build1_amd64.deb ...
2025-09-07T15:07:54.1027556Z Unpacking libudfread0:amd64 (1.1.2-1build1) ...
2025-09-07T15:07:54.1242229Z Selecting previously unselected package libbluray2:amd64.
2025-09-07T15:07:54.1370893Z Preparing to unpack .../045-libbluray2_1%3a1.3.4-1build1_amd64.deb ...
2025-09-07T15:07:54.1381403Z Unpacking libbluray2:amd64 (1:1.3.4-1build1) ...
2025-09-07T15:07:54.1670583Z Selecting previously unselected package libchromaprint1:amd64.
2025-09-07T15:07:54.1801282Z Preparing to unpack .../046-libchromaprint1_1.5.1-5_amd64.deb ...
2025-09-07T15:07:54.1812535Z Unpacking libchromaprint1:amd64 (1.5.1-5) ...
2025-09-07T15:07:54.2018007Z Selecting previously unselected package libgme0:amd64.
2025-09-07T15:07:54.2146329Z Preparing to unpack .../047-libgme0_0.6.3-7build1_amd64.deb ...
2025-09-07T15:07:54.2154702Z Unpacking libgme0:amd64 (0.6.3-7build1) ...
2025-09-07T15:07:54.2383692Z Selecting previously unselected package libmpg123-0t64:amd64.
2025-09-07T15:07:54.2512108Z Preparing to unpack .../048-libmpg123-0t64_1.32.5-1ubuntu1.1_amd64.deb ...
2025-09-07T15:07:54.2520014Z Unpacking libmpg123-0t64:amd64 (1.32.5-1ubuntu1.1) ...
2025-09-07T15:07:54.2746990Z Selecting previously unselected package libopenmpt0t64:amd64.
2025-09-07T15:07:54.2874916Z Preparing to unpack .../049-libopenmpt0t64_0.7.3-1.1build3_amd64.deb ...
2025-09-07T15:07:54.2883108Z Unpacking libopenmpt0t64:amd64 (0.7.3-1.1build3) ...
2025-09-07T15:07:54.3158531Z Selecting previously unselected package libcjson1:amd64.
2025-09-07T15:07:54.3285703Z Preparing to unpack .../050-libcjson1_1.7.17-1_amd64.deb ...
2025-09-07T15:07:54.3293927Z Unpacking libcjson1:amd64 (1.7.17-1) ...
2025-09-07T15:07:54.3498394Z Selecting previously unselected package libmbedcrypto7t64:amd64.
2025-09-07T15:07:54.3625929Z Preparing to unpack .../051-libmbedcrypto7t64_2.28.8-1_amd64.deb ...
2025-09-07T15:07:54.3634124Z Unpacking libmbedcrypto7t64:amd64 (2.28.8-1) ...
2025-09-07T15:07:54.3866369Z Selecting previously unselected package librist4:amd64.
2025-09-07T15:07:54.3995091Z Preparing to unpack .../052-librist4_0.2.10+dfsg-2_amd64.deb ...
2025-09-07T15:07:54.4004729Z Unpacking librist4:amd64 (0.2.10+dfsg-2) ...
2025-09-07T15:07:54.4237088Z Selecting previously unselected package libsrt1.5-gnutls:amd64.
2025-09-07T15:07:54.4368787Z Preparing to unpack .../053-libsrt1.5-gnutls_1.5.3-1build2_amd64.deb ...
2025-09-07T15:07:54.4377315Z Unpacking libsrt1.5-gnutls:amd64 (1.5.3-1build2) ...
2025-09-07T15:07:54.4627836Z Selecting previously unselected package libssh-gcrypt-4:amd64.
2025-09-07T15:07:54.4758323Z Preparing to unpack .../054-libssh-gcrypt-4_0.10.6-2ubuntu0.1_amd64.deb ...
2025-09-07T15:07:54.4767296Z Unpacking libssh-gcrypt-4:amd64 (0.10.6-2ubuntu0.1) ...
2025-09-07T15:07:54.4998603Z Selecting previously unselected package libavformat60:amd64.
2025-09-07T15:07:54.5127857Z Preparing to unpack .../055-libavformat60_7%3a6.1.1-3ubuntu5_amd64.deb ...
2025-09-07T15:07:54.5136869Z Unpacking libavformat60:amd64 (7:6.1.1-3ubuntu5) ...
2025-09-07T15:07:54.5474023Z Selecting previously unselected package libbs2b0:amd64.
2025-09-07T15:07:54.5603399Z Preparing to unpack .../056-libbs2b0_3.1.0+dfsg-7build1_amd64.deb ...
2025-09-07T15:07:54.5611474Z Unpacking libbs2b0:amd64 (3.1.0+dfsg-7build1) ...
2025-09-07T15:07:54.5846980Z Selecting previously unselected package libflite1:amd64.
2025-09-07T15:07:54.5974709Z Preparing to unpack .../057-libflite1_2.2-6build3_amd64.deb ...
2025-09-07T15:07:54.5982527Z Unpacking libflite1:amd64 (2.2-6build3) ...
2025-09-07T15:07:54.7155227Z Selecting previously unselected package libserd-0-0:amd64.
2025-09-07T15:07:54.7289337Z Preparing to unpack .../058-libserd-0-0_0.32.2-1_amd64.deb ...
2025-09-07T15:07:54.7298174Z Unpacking libserd-0-0:amd64 (0.32.2-1) ...
2025-09-07T15:07:54.7509941Z Selecting previously unselected package libzix-0-0:amd64.
2025-09-07T15:07:54.7642827Z Preparing to unpack .../059-libzix-0-0_0.4.2-2build1_amd64.deb ...
2025-09-07T15:07:54.7650924Z Unpacking libzix-0-0:amd64 (0.4.2-2build1) ...
2025-09-07T15:07:54.7858919Z Selecting previously unselected package libsord-0-0:amd64.
2025-09-07T15:07:54.7991503Z Preparing to unpack .../060-libsord-0-0_0.16.16-2build1_amd64.deb ...
2025-09-07T15:07:54.7999082Z Unpacking libsord-0-0:amd64 (0.16.16-2build1) ...
2025-09-07T15:07:54.8206621Z Selecting previously unselected package libsratom-0-0:amd64.
2025-09-07T15:07:54.8337684Z Preparing to unpack .../061-libsratom-0-0_0.6.16-1build1_amd64.deb ...
2025-09-07T15:07:54.8346013Z Unpacking libsratom-0-0:amd64 (0.6.16-1build1) ...
2025-09-07T15:07:54.8554261Z Selecting previously unselected package liblilv-0-0:amd64.
2025-09-07T15:07:54.8684629Z Preparing to unpack .../062-liblilv-0-0_0.24.22-1build1_amd64.deb ...
2025-09-07T15:07:54.8695372Z Unpacking liblilv-0-0:amd64 (0.24.22-1build1) ...
2025-09-07T15:07:54.8911597Z Selecting previously unselected package libmysofa1:amd64.
2025-09-07T15:07:54.9041841Z Preparing to unpack .../063-libmysofa1_1.3.2+dfsg-2ubuntu2_amd64.deb ...
2025-09-07T15:07:54.9051666Z Unpacking libmysofa1:amd64 (1.3.2+dfsg-2ubuntu2) ...
2025-09-07T15:07:54.9321142Z Selecting previously unselected package libplacebo338:amd64.
2025-09-07T15:07:54.9451574Z Preparing to unpack .../064-libplacebo338_6.338.2-2build1_amd64.deb ...
2025-09-07T15:07:54.9461639Z Unpacking libplacebo338:amd64 (6.338.2-2build1) ...
2025-09-07T15:07:55.0116920Z Selecting previously unselected package libblas3:amd64.
2025-09-07T15:07:55.0249747Z Preparing to unpack .../065-libblas3_3.12.0-3build1.1_amd64.deb ...
2025-09-07T15:07:55.0279379Z Unpacking libblas3:amd64 (3.12.0-3build1.1) ...
2025-09-07T15:07:55.0536170Z Selecting previously unselected package liblapack3:amd64.
2025-09-07T15:07:55.0667473Z Preparing to unpack .../066-liblapack3_3.12.0-3build1.1_amd64.deb ...
2025-09-07T15:07:55.0697011Z Unpacking liblapack3:amd64 (3.12.0-3build1.1) ...
2025-09-07T15:07:55.1243725Z Selecting previously unselected package libasyncns0:amd64.
2025-09-07T15:07:55.1376517Z Preparing to unpack .../067-libasyncns0_0.8-6build4_amd64.deb ...
2025-09-07T15:07:55.1385755Z Unpacking libasyncns0:amd64 (0.8-6build4) ...
2025-09-07T15:07:55.1600829Z Selecting previously unselected package libflac12t64:amd64.
2025-09-07T15:07:55.1731953Z Preparing to unpack .../068-libflac12t64_1.4.3+ds-2.1ubuntu2_amd64.deb ...
2025-09-07T15:07:55.1740758Z Unpacking libflac12t64:amd64 (1.4.3+ds-2.1ubuntu2) ...
2025-09-07T15:07:55.1981757Z Selecting previously unselected package libsndfile1:amd64.
2025-09-07T15:07:55.2111352Z Preparing to unpack .../069-libsndfile1_1.2.2-1ubuntu5.24.04.1_amd64.deb ...
2025-09-07T15:07:55.2120084Z Unpacking libsndfile1:amd64 (1.2.2-1ubuntu5.24.04.1) ...
2025-09-07T15:07:55.2370946Z Selecting previously unselected package libpulse0:amd64.
2025-09-07T15:07:55.2499850Z Preparing to unpack .../070-libpulse0_1%3a16.1+dfsg1-2ubuntu10.1_amd64.deb ...
2025-09-07T15:07:55.2564254Z Unpacking libpulse0:amd64 (1:16.1+dfsg1-2ubuntu10.1) ...
2025-09-07T15:07:55.2820749Z Selecting previously unselected package libsphinxbase3t64:amd64.
2025-09-07T15:07:55.2953397Z Preparing to unpack .../071-libsphinxbase3t64_0.8+5prealpha+1-17build2_amd64.deb ...
2025-09-07T15:07:55.2962156Z Unpacking libsphinxbase3t64:amd64 (0.8+5prealpha+1-17build2) ...
2025-09-07T15:07:55.3305291Z Selecting previously unselected package libpocketsphinx3:amd64.
2025-09-07T15:07:55.3440999Z Preparing to unpack .../072-libpocketsphinx3_0.8.0+real5prealpha+1-15ubuntu5_amd64.deb ...
2025-09-07T15:07:55.3449563Z Unpacking libpocketsphinx3:amd64 (0.8.0+real5prealpha+1-15ubuntu5) ...
2025-09-07T15:07:55.3682867Z Selecting previously unselected package libpostproc57:amd64.
2025-09-07T15:07:55.3818169Z Preparing to unpack .../073-libpostproc57_7%3a6.1.1-3ubuntu5_amd64.deb ...
2025-09-07T15:07:55.3827568Z Unpacking libpostproc57:amd64 (7:6.1.1-3ubuntu5) ...
2025-09-07T15:07:55.4070070Z Selecting previously unselected package libsamplerate0:amd64.
2025-09-07T15:07:55.4206873Z Preparing to unpack .../074-libsamplerate0_0.2.2-4build1_amd64.deb ...
2025-09-07T15:07:55.4216759Z Unpacking libsamplerate0:amd64 (0.2.2-4build1) ...
2025-09-07T15:07:55.4490119Z Selecting previously unselected package librubberband2:amd64.
2025-09-07T15:07:55.4623445Z Preparing to unpack .../075-librubberband2_3.3.0+dfsg-2build1_amd64.deb ...
2025-09-07T15:07:55.4633859Z Unpacking librubberband2:amd64 (3.3.0+dfsg-2build1) ...
2025-09-07T15:07:55.4858480Z Selecting previously unselected package libswscale7:amd64.
2025-09-07T15:07:55.4991372Z Preparing to unpack .../076-libswscale7_7%3a6.1.1-3ubuntu5_amd64.deb ...
2025-09-07T15:07:55.5000520Z Unpacking libswscale7:amd64 (7:6.1.1-3ubuntu5) ...
2025-09-07T15:07:55.5253913Z Selecting previously unselected package libvidstab1.1:amd64.
2025-09-07T15:07:55.5385311Z Preparing to unpack .../077-libvidstab1.1_1.1.0-2build1_amd64.deb ...
2025-09-07T15:07:55.5397171Z Unpacking libvidstab1.1:amd64 (1.1.0-2build1) ...
2025-09-07T15:07:55.5622055Z Selecting previously unselected package libzimg2:amd64.
2025-09-07T15:07:55.5752704Z Preparing to unpack .../078-libzimg2_3.0.5+ds1-1build1_amd64.deb ...
2025-09-07T15:07:55.5763049Z Unpacking libzimg2:amd64 (3.0.5+ds1-1build1) ...
2025-09-07T15:07:55.6009856Z Selecting previously unselected package libavfilter9:amd64.
2025-09-07T15:07:55.6139702Z Preparing to unpack .../079-libavfilter9_7%3a6.1.1-3ubuntu5_amd64.deb ...
2025-09-07T15:07:55.6169213Z Unpacking libavfilter9:amd64 (7:6.1.1-3ubuntu5) ...
2025-09-07T15:07:55.6901928Z Selecting previously unselected package liborc-0.4-0t64:amd64.
2025-09-07T15:07:55.7035753Z Preparing to unpack .../080-liborc-0.4-0t64_1%3a0.4.38-1ubuntu0.1_amd64.deb ...
2025-09-07T15:07:55.7044156Z Unpacking liborc-0.4-0t64:amd64 (1:0.4.38-1ubuntu0.1) ...
2025-09-07T15:07:55.7344698Z Selecting previously unselected package libgstreamer-plugins-base1.0-0:amd64.
2025-09-07T15:07:55.7477216Z Preparing to unpack .../081-libgstreamer-plugins-base1.0-0_1.24.2-1ubuntu0.3_amd64.deb ...
2025-09-07T15:07:55.7486415Z Unpacking libgstreamer-plugins-base1.0-0:amd64 (1.24.2-1ubuntu0.3) ...
2025-09-07T15:07:55.7942818Z Selecting previously unselected package gstreamer1.0-libav:amd64.
2025-09-07T15:07:55.8075818Z Preparing to unpack .../082-gstreamer1.0-libav_1.24.1-1build1_amd64.deb ...
2025-09-07T15:07:55.8083228Z Unpacking gstreamer1.0-libav:amd64 (1.24.1-1build1) ...
2025-09-07T15:07:55.8313311Z Selecting previously unselected package libcdparanoia0:amd64.
2025-09-07T15:07:55.8445903Z Preparing to unpack .../083-libcdparanoia0_3.10.2+debian-14build3_amd64.deb ...
2025-09-07T15:07:55.8457654Z Unpacking libcdparanoia0:amd64 (3.10.2+debian-14build3) ...
2025-09-07T15:07:55.8690717Z Selecting previously unselected package libvisual-0.4-0:amd64.
2025-09-07T15:07:55.8822219Z Preparing to unpack .../084-libvisual-0.4-0_0.4.2-2build1_amd64.deb ...
2025-09-07T15:07:55.8829620Z Unpacking libvisual-0.4-0:amd64 (0.4.2-2build1) ...
2025-09-07T15:07:55.9066839Z Selecting previously unselected package gstreamer1.0-plugins-base:amd64.
2025-09-07T15:07:55.9201916Z Preparing to unpack .../085-gstreamer1.0-plugins-base_1.24.2-1ubuntu0.3_amd64.deb ...
2025-09-07T15:07:55.9209716Z Unpacking gstreamer1.0-plugins-base:amd64 (1.24.2-1ubuntu0.3) ...
2025-09-07T15:07:55.9551179Z Selecting previously unselected package libaa1:amd64.
2025-09-07T15:07:55.9684636Z Preparing to unpack .../086-libaa1_1.4p5-51.1_amd64.deb ...
2025-09-07T15:07:55.9695988Z Unpacking libaa1:amd64 (1.4p5-51.1) ...
2025-09-07T15:07:55.9928344Z Selecting previously unselected package libraw1394-11:amd64.
2025-09-07T15:07:56.0060497Z Preparing to unpack .../087-libraw1394-11_2.1.2-2build3_amd64.deb ...
2025-09-07T15:07:56.0069846Z Unpacking libraw1394-11:amd64 (2.1.2-2build3) ...
2025-09-07T15:07:56.0285102Z Selecting previously unselected package libavc1394-0:amd64.
2025-09-07T15:07:56.0417053Z Preparing to unpack .../088-libavc1394-0_0.5.4-5build3_amd64.deb ...
2025-09-07T15:07:56.0427170Z Unpacking libavc1394-0:amd64 (0.5.4-5build3) ...
2025-09-07T15:07:56.0640551Z Selecting previously unselected package libcaca0:amd64.
2025-09-07T15:07:56.0771387Z Preparing to unpack .../089-libcaca0_0.99.beta20-4build2_amd64.deb ...
2025-09-07T15:07:56.0781041Z Unpacking libcaca0:amd64 (0.99.beta20-4build2) ...
2025-09-07T15:07:56.1078508Z Selecting previously unselected package libdv4t64:amd64.
2025-09-07T15:07:56.1209982Z Preparing to unpack .../090-libdv4t64_1.0.0-17.1build1_amd64.deb ...
2025-09-07T15:07:56.1223111Z Unpacking libdv4t64:amd64 (1.0.0-17.1build1) ...
2025-09-07T15:07:56.1449994Z Selecting previously unselected package libgstreamer-plugins-good1.0-0:amd64.
2025-09-07T15:07:56.1580455Z Preparing to unpack .../091-libgstreamer-plugins-good1.0-0_1.24.2-1ubuntu1.2_amd64.deb ...
2025-09-07T15:07:56.1590373Z Unpacking libgstreamer-plugins-good1.0-0:amd64 (1.24.2-1ubuntu1.2) ...
2025-09-07T15:07:56.1806832Z Selecting previously unselected package libiec61883-0:amd64.
2025-09-07T15:07:56.1935337Z Preparing to unpack .../092-libiec61883-0_1.2.0-6build1_amd64.deb ...
2025-09-07T15:07:56.1947146Z Unpacking libiec61883-0:amd64 (1.2.0-6build1) ...
2025-09-07T15:07:56.2165679Z Selecting previously unselected package libshout3:amd64.
2025-09-07T15:07:56.2291060Z Preparing to unpack .../093-libshout3_2.4.6-1build2_amd64.deb ...
2025-09-07T15:07:56.2299454Z Unpacking libshout3:amd64 (2.4.6-1build2) ...
2025-09-07T15:07:56.2523590Z Selecting previously unselected package libtag1v5-vanilla:amd64.
2025-09-07T15:07:56.2652533Z Preparing to unpack .../094-libtag1v5-vanilla_1.13.1-1build1_amd64.deb ...
2025-09-07T15:07:56.2663129Z Unpacking libtag1v5-vanilla:amd64 (1.13.1-1build1) ...
2025-09-07T15:07:56.2911265Z Selecting previously unselected package libtag1v5:amd64.
2025-09-07T15:07:56.3041501Z Preparing to unpack .../095-libtag1v5_1.13.1-1build1_amd64.deb ...
2025-09-07T15:07:56.3049571Z Unpacking libtag1v5:amd64 (1.13.1-1build1) ...
2025-09-07T15:07:56.3262928Z Selecting previously unselected package libv4lconvert0t64:amd64.
2025-09-07T15:07:56.3392390Z Preparing to unpack .../096-libv4lconvert0t64_1.26.1-4build3_amd64.deb ...
2025-09-07T15:07:56.3401059Z Unpacking libv4lconvert0t64:amd64 (1.26.1-4build3) ...
2025-09-07T15:07:56.3634820Z Selecting previously unselected package libv4l-0t64:amd64.
2025-09-07T15:07:56.3766039Z Preparing to unpack .../097-libv4l-0t64_1.26.1-4build3_amd64.deb ...
2025-09-07T15:07:56.3773844Z Unpacking libv4l-0t64:amd64 (1.26.1-4build3) ...
2025-09-07T15:07:56.4010368Z Selecting previously unselected package libwavpack1:amd64.
2025-09-07T15:07:56.4142073Z Preparing to unpack .../098-libwavpack1_5.6.0-1build1_amd64.deb ...
2025-09-07T15:07:56.4152548Z Unpacking libwavpack1:amd64 (5.6.0-1build1) ...
2025-09-07T15:07:56.4370057Z Selecting previously unselected package libsoup-3.0-common.
2025-09-07T15:07:56.4503341Z Preparing to unpack .../099-libsoup-3.0-common_3.4.4-5ubuntu0.5_all.deb ...
2025-09-07T15:07:56.4512085Z Unpacking libsoup-3.0-common (3.4.4-5ubuntu0.5) ...
2025-09-07T15:07:56.4720221Z Selecting previously unselected package libsoup-3.0-0:amd64.
2025-09-07T15:07:56.4853364Z Preparing to unpack .../100-libsoup-3.0-0_3.4.4-5ubuntu0.5_amd64.deb ...
2025-09-07T15:07:56.4864661Z Unpacking libsoup-3.0-0:amd64 (3.4.4-5ubuntu0.5) ...
2025-09-07T15:07:56.5100890Z Selecting previously unselected package gstreamer1.0-plugins-good:amd64.
2025-09-07T15:07:56.5233036Z Preparing to unpack .../101-gstreamer1.0-plugins-good_1.24.2-1ubuntu1.2_amd64.deb ...
2025-09-07T15:07:56.5240803Z Unpacking gstreamer1.0-plugins-good:amd64 (1.24.2-1ubuntu1.2) ...
2025-09-07T15:07:56.5834235Z Selecting previously unselected package libabsl20220623t64:amd64.
2025-09-07T15:07:56.5967584Z Preparing to unpack .../102-libabsl20220623t64_20220623.1-3.1ubuntu3.2_amd64.deb ...
2025-09-07T15:07:56.5976515Z Unpacking libabsl20220623t64:amd64 (20220623.1-3.1ubuntu3.2) ...
2025-09-07T15:07:56.6391089Z Selecting previously unselected package libgav1-1:amd64.
2025-09-07T15:07:56.6524139Z Preparing to unpack .../103-libgav1-1_0.18.0-1build3_amd64.deb ...
2025-09-07T15:07:56.6534283Z Unpacking libgav1-1:amd64 (0.18.0-1build3) ...
2025-09-07T15:07:56.6785972Z Selecting previously unselected package libyuv0:amd64.
2025-09-07T15:07:56.6916999Z Preparing to unpack .../104-libyuv0_0.0~git202401110.af6ac82-1_amd64.deb ...
2025-09-07T15:07:56.6926394Z Unpacking libyuv0:amd64 (0.0~git202401110.af6ac82-1) ...
2025-09-07T15:07:56.7160811Z Selecting previously unselected package libavif16:amd64.
2025-09-07T15:07:56.7294029Z Preparing to unpack .../105-libavif16_1.0.4-1ubuntu3_amd64.deb ...
2025-09-07T15:07:56.7303654Z Unpacking libavif16:amd64 (1.0.4-1ubuntu3) ...
2025-09-07T15:07:56.7525378Z Selecting previously unselected package libavtp0:amd64.
2025-09-07T15:07:56.7658352Z Preparing to unpack .../106-libavtp0_0.2.0-1build1_amd64.deb ...
2025-09-07T15:07:56.7667247Z Unpacking libavtp0:amd64 (0.2.0-1build1) ...
2025-09-07T15:07:56.7878910Z Selecting previously unselected package libcairo-script-interpreter2:amd64.
2025-09-07T15:07:56.8009404Z Preparing to unpack .../107-libcairo-script-interpreter2_1.18.0-3build1_amd64.deb ...
2025-09-07T15:07:56.8018133Z Unpacking libcairo-script-interpreter2:amd64 (1.18.0-3build1) ...
2025-09-07T15:07:56.8230909Z Selecting previously unselected package libdc1394-25:amd64.
2025-09-07T15:07:56.8356312Z Preparing to unpack .../108-libdc1394-25_2.2.6-4build1_amd64.deb ...
2025-09-07T15:07:56.8363925Z Unpacking libdc1394-25:amd64 (2.2.6-4build1) ...
2025-09-07T15:07:56.8584753Z Selecting previously unselected package libdecor-0-0:amd64.
2025-09-07T15:07:56.8709246Z Preparing to unpack .../109-libdecor-0-0_0.2.2-1build2_amd64.deb ...
2025-09-07T15:07:56.8718970Z Unpacking libdecor-0-0:amd64 (0.2.2-1build2) ...
2025-09-07T15:07:56.8931431Z Selecting previously unselected package libgles2:amd64.
2025-09-07T15:07:56.9055074Z Preparing to unpack .../110-libgles2_1.7.0-1build1_amd64.deb ...
2025-09-07T15:07:56.9066742Z Unpacking libgles2:amd64 (1.7.0-1build1) ...
2025-09-07T15:07:56.9274391Z Selecting previously unselected package libdirectfb-1.7-7t64:amd64.
2025-09-07T15:07:56.9398907Z Preparing to unpack .../111-libdirectfb-1.7-7t64_1.7.7-11.1ubuntu2_amd64.deb ...
2025-09-07T15:07:56.9407309Z Unpacking libdirectfb-1.7-7t64:amd64 (1.7.7-11.1ubuntu2) ...
2025-09-07T15:07:56.9826161Z Selecting previously unselected package libdvdread8t64:amd64.
2025-09-07T15:07:56.9956221Z Preparing to unpack .../112-libdvdread8t64_6.1.3-1.1build1_amd64.deb ...
2025-09-07T15:07:56.9965721Z Unpacking libdvdread8t64:amd64 (6.1.3-1.1build1) ...
2025-09-07T15:07:57.0187809Z Selecting previously unselected package libdvdnav4:amd64.
2025-09-07T15:07:57.0314722Z Preparing to unpack .../113-libdvdnav4_6.1.1-3build1_amd64.deb ...
2025-09-07T15:07:57.0324720Z Unpacking libdvdnav4:amd64 (6.1.1-3build1) ...
2025-09-07T15:07:57.0794671Z Preparing to unpack .../114-libgl1-mesa-dri_25.0.7-0ubuntu0.24.04.2_amd64.deb ...
2025-09-07T15:07:57.0988173Z Unpacking libgl1-mesa-dri:amd64 (25.0.7-0ubuntu0.24.04.2) over (25.0.7-0ubuntu0.24.04.1) ...
2025-09-07T15:07:57.1739293Z Preparing to unpack .../115-libglx-mesa0_25.0.7-0ubuntu0.24.04.2_amd64.deb ...
2025-09-07T15:07:57.1820121Z Unpacking libglx-mesa0:amd64 (25.0.7-0ubuntu0.24.04.2) over (25.0.7-0ubuntu0.24.04.1) ...
2025-09-07T15:07:57.2154162Z Selecting previously unselected package libllvm20:amd64.
2025-09-07T15:07:57.2281784Z Preparing to unpack .../116-libllvm20_1%3a20.1.2-0ubuntu1~24.04.2_amd64.deb ...
2025-09-07T15:07:57.2290849Z Unpacking libllvm20:amd64 (1:20.1.2-0ubuntu1~24.04.2) ...
2025-09-07T15:07:57.7899043Z Preparing to unpack .../117-libgbm1_25.0.7-0ubuntu0.24.04.2_amd64.deb ...
2025-09-07T15:07:57.7974656Z Unpacking libgbm1:amd64 (25.0.7-0ubuntu0.24.04.2) over (25.0.7-0ubuntu0.24.04.1) ...
2025-09-07T15:07:57.8465188Z Preparing to unpack .../118-mesa-libgallium_25.0.7-0ubuntu0.24.04.2_amd64.deb ...
2025-09-07T15:07:57.8555600Z Unpacking mesa-libgallium:amd64 (25.0.7-0ubuntu0.24.04.2) over (25.0.7-0ubuntu0.24.04.1) ...
2025-09-07T15:07:58.0324023Z Selecting previously unselected package libegl-mesa0:amd64.
2025-09-07T15:07:58.0460468Z Preparing to unpack .../119-libegl-mesa0_25.0.7-0ubuntu0.24.04.2_amd64.deb ...
2025-09-07T15:07:58.0471041Z Unpacking libegl-mesa0:amd64 (25.0.7-0ubuntu0.24.04.2) ...
2025-09-07T15:07:58.0746340Z Selecting previously unselected package libevent-2.1-7t64:amd64.
2025-09-07T15:07:58.0879906Z Preparing to unpack .../120-libevent-2.1-7t64_2.1.12-stable-9ubuntu2_amd64.deb ...
2025-09-07T15:07:58.0889022Z Unpacking libevent-2.1-7t64:amd64 (2.1.12-stable-9ubuntu2) ...
2025-09-07T15:07:58.1132602Z Selecting previously unselected package libfaad2:amd64.
2025-09-07T15:07:58.1266790Z Preparing to unpack .../121-libfaad2_2.11.1-1build1_amd64.deb ...
2025-09-07T15:07:58.1278181Z Unpacking libfaad2:amd64 (2.11.1-1build1) ...
2025-09-07T15:07:58.1527884Z Selecting previously unselected package libinstpatch-1.0-2:amd64.
2025-09-07T15:07:58.1661407Z Preparing to unpack .../122-libinstpatch-1.0-2_1.1.6-1build2_amd64.deb ...
2025-09-07T15:07:58.1670023Z Unpacking libinstpatch-1.0-2:amd64 (1.1.6-1build2) ...
2025-09-07T15:07:58.1911517Z Selecting previously unselected package libjack-jackd2-0:amd64.
2025-09-07T15:07:58.2044390Z Preparing to unpack .../123-libjack-jackd2-0_1.9.21~dfsg-3ubuntu3_amd64.deb ...
2025-09-07T15:07:58.2059596Z Unpacking libjack-jackd2-0:amd64 (1.9.21~dfsg-3ubuntu3) ...
2025-09-07T15:07:58.2327176Z Selecting previously unselected package libwebrtc-audio-processing1:amd64.
2025-09-07T15:07:58.2461816Z Preparing to unpack .../124-libwebrtc-audio-processing1_0.3.1-0ubuntu6_amd64.deb ...
2025-09-07T15:07:58.2470704Z Unpacking libwebrtc-audio-processing1:amd64 (0.3.1-0ubuntu6) ...
2025-09-07T15:07:58.2706614Z Selecting previously unselected package libspa-0.2-modules:amd64.
2025-09-07T15:07:58.2840102Z Preparing to unpack .../125-libspa-0.2-modules_1.0.5-1ubuntu3.1_amd64.deb ...
2025-09-07T15:07:58.2848738Z Unpacking libspa-0.2-modules:amd64 (1.0.5-1ubuntu3.1) ...
2025-09-07T15:07:58.3198839Z Selecting previously unselected package libpipewire-0.3-0t64:amd64.
2025-09-07T15:07:58.3335002Z Preparing to unpack .../126-libpipewire-0.3-0t64_1.0.5-1ubuntu3.1_amd64.deb ...
2025-09-07T15:07:58.3345032Z Unpacking libpipewire-0.3-0t64:amd64 (1.0.5-1ubuntu3.1) ...
2025-09-07T15:07:58.3605855Z Selecting previously unselected package libsdl2-2.0-0:amd64.
2025-09-07T15:07:58.3739949Z Preparing to unpack .../127-libsdl2-2.0-0_2.30.0+dfsg-1ubuntu3.1_amd64.deb ...
2025-09-07T15:07:58.3749044Z Unpacking libsdl2-2.0-0:amd64 (2.30.0+dfsg-1ubuntu3.1) ...
2025-09-07T15:07:58.4055784Z Selecting previously unselected package timgm6mb-soundfont.
2025-09-07T15:07:58.4191204Z Preparing to unpack .../128-timgm6mb-soundfont_1.3-5_all.deb ...
2025-09-07T15:07:58.4201676Z Unpacking timgm6mb-soundfont (1.3-5) ...
2025-09-07T15:07:58.7621306Z Selecting previously unselected package libfluidsynth3:amd64.
2025-09-07T15:07:58.7757655Z Preparing to unpack .../129-libfluidsynth3_2.3.4-1build3_amd64.deb ...
2025-09-07T15:07:58.7766793Z Unpacking libfluidsynth3:amd64 (2.3.4-1build3) ...
2025-09-07T15:07:58.8020782Z Selecting previously unselected package libfreeaptx0:amd64.
2025-09-07T15:07:58.8156540Z Preparing to unpack .../130-libfreeaptx0_0.1.1-2build1_amd64.deb ...
2025-09-07T15:07:58.8165864Z Unpacking libfreeaptx0:amd64 (0.1.1-2build1) ...
2025-09-07T15:07:58.8383705Z Selecting previously unselected package libgraphene-1.0-0:amd64.
2025-09-07T15:07:58.8517417Z Preparing to unpack .../131-libgraphene-1.0-0_1.10.8-3build2_amd64.deb ...
2025-09-07T15:07:58.8527609Z Unpacking libgraphene-1.0-0:amd64 (1.10.8-3build2) ...
2025-09-07T15:07:58.8752048Z Selecting previously unselected package libgssdp-1.6-0:amd64.
2025-09-07T15:07:58.8885663Z Preparing to unpack .../132-libgssdp-1.6-0_1.6.3-1build3_amd64.deb ...
2025-09-07T15:07:58.8896083Z Unpacking libgssdp-1.6-0:amd64 (1.6.3-1build3) ...
2025-09-07T15:07:58.9121024Z Selecting previously unselected package libegl1:amd64.
2025-09-07T15:07:58.9253994Z Preparing to unpack .../133-libegl1_1.7.0-1build1_amd64.deb ...
2025-09-07T15:07:58.9264448Z Unpacking libegl1:amd64 (1.7.0-1build1) ...
2025-09-07T15:07:58.9494754Z Selecting previously unselected package libgstreamer-gl1.0-0:amd64.
2025-09-07T15:07:58.9626458Z Preparing to unpack .../134-libgstreamer-gl1.0-0_1.24.2-1ubuntu0.3_amd64.deb ...
2025-09-07T15:07:58.9636877Z Unpacking libgstreamer-gl1.0-0:amd64 (1.24.2-1ubuntu0.3) ...
2025-09-07T15:07:58.9873223Z Selecting previously unselected package libgtk-4-common.
2025-09-07T15:07:59.0004104Z Preparing to unpack .../135-libgtk-4-common_4.14.5+ds-0ubuntu0.5_all.deb ...
2025-09-07T15:07:59.0011823Z Unpacking libgtk-4-common (4.14.5+ds-0ubuntu0.5) ...
2025-09-07T15:07:59.0509168Z Selecting previously unselected package libgtk-4-1:amd64.
2025-09-07T15:07:59.0644393Z Preparing to unpack .../136-libgtk-4-1_4.14.5+ds-0ubuntu0.5_amd64.deb ...
2025-09-07T15:07:59.0653108Z Unpacking libgtk-4-1:amd64 (4.14.5+ds-0ubuntu0.5) ...
2025-09-07T15:07:59.1313508Z Selecting previously unselected package libgupnp-1.6-0:amd64.
2025-09-07T15:07:59.1448365Z Preparing to unpack .../137-libgupnp-1.6-0_1.6.6-1build3_amd64.deb ...
2025-09-07T15:07:59.1456345Z Unpacking libgupnp-1.6-0:amd64 (1.6.6-1build3) ...
2025-09-07T15:07:59.1695191Z Selecting previously unselected package libgupnp-igd-1.6-0:amd64.
2025-09-07T15:07:59.1830092Z Preparing to unpack .../138-libgupnp-igd-1.6-0_1.6.0-3build3_amd64.deb ...
2025-09-07T15:07:59.1839529Z Unpacking libgupnp-igd-1.6-0:amd64 (1.6.0-3build3) ...
2025-09-07T15:07:59.2049992Z Selecting previously unselected package libharfbuzz-icu0:amd64.
2025-09-07T15:07:59.2180304Z Preparing to unpack .../139-libharfbuzz-icu0_8.3.0-2build2_amd64.deb ...
2025-09-07T15:07:59.2188602Z Unpacking libharfbuzz-icu0:amd64 (8.3.0-2build2) ...
2025-09-07T15:07:59.2409014Z Selecting previously unselected package libhyphen0:amd64.
2025-09-07T15:07:59.2538918Z Preparing to unpack .../140-libhyphen0_2.8.8-7build3_amd64.deb ...
2025-09-07T15:07:59.2547498Z Unpacking libhyphen0:amd64 (2.8.8-7build3) ...
2025-09-07T15:07:59.2763098Z Selecting previously unselected package libimath-3-1-29t64:amd64.
2025-09-07T15:07:59.2893216Z Preparing to unpack .../141-libimath-3-1-29t64_3.1.9-3.1ubuntu2_amd64.deb ...
2025-09-07T15:07:59.2902965Z Unpacking libimath-3-1-29t64:amd64 (3.1.9-3.1ubuntu2) ...
2025-09-07T15:07:59.3135637Z Selecting previously unselected package liblc3-1:amd64.
2025-09-07T15:07:59.3264794Z Preparing to unpack .../142-liblc3-1_1.0.4-3build1_amd64.deb ...
2025-09-07T15:07:59.3273584Z Unpacking liblc3-1:amd64 (1.0.4-3build1) ...
2025-09-07T15:07:59.3489252Z Selecting previously unselected package libldacbt-enc2:amd64.
2025-09-07T15:07:59.3618004Z Preparing to unpack .../143-libldacbt-enc2_2.0.2.3+git20200429+ed310a0-4ubuntu2_amd64.deb ...
2025-09-07T15:07:59.3627743Z Unpacking libldacbt-enc2:amd64 (2.0.2.3+git20200429+ed310a0-4ubuntu2) ...
2025-09-07T15:07:59.3845771Z Selecting previously unselected package libraptor2-0:amd64.
2025-09-07T15:07:59.3976065Z Preparing to unpack .../144-libraptor2-0_2.0.16-3ubuntu0.1_amd64.deb ...
2025-09-07T15:07:59.3983991Z Unpacking libraptor2-0:amd64 (2.0.16-3ubuntu0.1) ...
2025-09-07T15:07:59.4216155Z Selecting previously unselected package liblrdf0:amd64.
2025-09-07T15:07:59.4349203Z Preparing to unpack .../145-liblrdf0_0.6.1-4build1_amd64.deb ...
2025-09-07T15:07:59.4359785Z Unpacking liblrdf0:amd64 (0.6.1-4build1) ...
2025-09-07T15:07:59.4593741Z Selecting previously unselected package libltc11:amd64.
2025-09-07T15:07:59.4723156Z Preparing to unpack .../146-libltc11_1.3.2-1build1_amd64.deb ...
2025-09-07T15:07:59.4731156Z Unpacking libltc11:amd64 (1.3.2-1build1) ...
2025-09-07T15:07:59.4955299Z Selecting previously unselected package libmanette-0.2-0:amd64.
2025-09-07T15:07:59.5083857Z Preparing to unpack .../147-libmanette-0.2-0_0.2.7-1build2_amd64.deb ...
2025-09-07T15:07:59.5093370Z Unpacking libmanette-0.2-0:amd64 (0.2.7-1build2) ...
2025-09-07T15:07:59.5331302Z Selecting previously unselected package libmfx1:amd64.
2025-09-07T15:07:59.5459107Z Preparing to unpack .../148-libmfx1_22.5.4-1_amd64.deb ...
2025-09-07T15:07:59.5472592Z Unpacking libmfx1:amd64 (22.5.4-1) ...
2025-09-07T15:07:59.6470564Z Selecting previously unselected package libmjpegutils-2.1-0t64:amd64.
2025-09-07T15:07:59.6606012Z Preparing to unpack .../149-libmjpegutils-2.1-0t64_1%3a2.1.0+debian-8.1build1_amd64.deb ...
2025-09-07T15:07:59.6614452Z Unpacking libmjpegutils-2.1-0t64:amd64 (1:2.1.0+debian-8.1build1) ...
2025-09-07T15:07:59.6837275Z Selecting previously unselected package libmodplug1:amd64.
2025-09-07T15:07:59.6973782Z Preparing to unpack .../150-libmodplug1_1%3a0.8.9.0-3build1_amd64.deb ...
2025-09-07T15:07:59.6983946Z Unpacking libmodplug1:amd64 (1:0.8.9.0-3build1) ...
2025-09-07T15:07:59.7222385Z Selecting previously unselected package libmpcdec6:amd64.
2025-09-07T15:07:59.7358881Z Preparing to unpack .../151-libmpcdec6_2%3a0.1~r495-2build1_amd64.deb ...
2025-09-07T15:07:59.7367776Z Unpacking libmpcdec6:amd64 (2:0.1~r495-2build1) ...
2025-09-07T15:07:59.7583149Z Selecting previously unselected package libmpeg2encpp-2.1-0t64:amd64.
2025-09-07T15:07:59.7718270Z Preparing to unpack .../152-libmpeg2encpp-2.1-0t64_1%3a2.1.0+debian-8.1build1_amd64.deb ...
2025-09-07T15:07:59.7729577Z Unpacking libmpeg2encpp-2.1-0t64:amd64 (1:2.1.0+debian-8.1build1) ...
2025-09-07T15:07:59.7948593Z Selecting previously unselected package libmplex2-2.1-0t64:amd64.
2025-09-07T15:07:59.8082487Z Preparing to unpack .../153-libmplex2-2.1-0t64_1%3a2.1.0+debian-8.1build1_amd64.deb ...
2025-09-07T15:07:59.8089938Z Unpacking libmplex2-2.1-0t64:amd64 (1:2.1.0+debian-8.1build1) ...
2025-09-07T15:07:59.8298676Z Selecting previously unselected package libneon27t64:amd64.
2025-09-07T15:07:59.8431666Z Preparing to unpack .../154-libneon27t64_0.33.0-1.1build3_amd64.deb ...
2025-09-07T15:07:59.8443730Z Unpacking libneon27t64:amd64 (0.33.0-1.1build3) ...
2025-09-07T15:07:59.8682039Z Selecting previously unselected package libnice10:amd64.
2025-09-07T15:07:59.8816464Z Preparing to unpack .../155-libnice10_0.1.21-2build3_amd64.deb ...
2025-09-07T15:07:59.8827514Z Unpacking libnice10:amd64 (0.1.21-2build3) ...
2025-09-07T15:07:59.9055243Z Selecting previously unselected package libopenal-data.
2025-09-07T15:07:59.9191033Z Preparing to unpack .../156-libopenal-data_1%3a1.23.1-4build1_all.deb ...
2025-09-07T15:07:59.9200100Z Unpacking libopenal-data (1:1.23.1-4build1) ...
2025-09-07T15:07:59.9445947Z Selecting previously unselected package libopenexr-3-1-30:amd64.
2025-09-07T15:07:59.9580047Z Preparing to unpack .../157-libopenexr-3-1-30_3.1.5-5.1build3_amd64.deb ...
2025-09-07T15:07:59.9591599Z Unpacking libopenexr-3-1-30:amd64 (3.1.5-5.1build3) ...
2025-09-07T15:07:59.9962259Z Selecting previously unselected package libopenh264-7:amd64.
2025-09-07T15:08:00.0098041Z Preparing to unpack .../158-libopenh264-7_2.4.1+dfsg-1_amd64.deb ...
2025-09-07T15:08:00.0107633Z Unpacking libopenh264-7:amd64 (2.4.1+dfsg-1) ...
2025-09-07T15:08:00.0391495Z Selecting previously unselected package libopenni2-0:amd64.
2025-09-07T15:08:00.0526778Z Preparing to unpack .../159-libopenni2-0_2.2.0.33+dfsg-18_amd64.deb ...
2025-09-07T15:08:00.0557154Z Unpacking libopenni2-0:amd64 (2.2.0.33+dfsg-18) ...
2025-09-07T15:08:00.0849986Z Selecting previously unselected package libqrencode4:amd64.
2025-09-07T15:08:00.0985239Z Preparing to unpack .../160-libqrencode4_4.1.1-1build2_amd64.deb ...
2025-09-07T15:08:00.0993429Z Unpacking libqrencode4:amd64 (4.1.1-1build2) ...
2025-09-07T15:08:00.1344390Z Selecting previously unselected package libsecret-common.
2025-09-07T15:08:00.1479758Z Preparing to unpack .../161-libsecret-common_0.21.4-1build3_all.deb ...
2025-09-07T15:08:00.1488144Z Unpacking libsecret-common (0.21.4-1build3) ...
2025-09-07T15:08:00.1698540Z Selecting previously unselected package libsecret-1-0:amd64.
2025-09-07T15:08:00.1831924Z Preparing to unpack .../162-libsecret-1-0_0.21.4-1build3_amd64.deb ...
2025-09-07T15:08:00.1841479Z Unpacking libsecret-1-0:amd64 (0.21.4-1build3) ...
2025-09-07T15:08:00.2076577Z Selecting previously unselected package libsndio7.0:amd64.
2025-09-07T15:08:00.2212674Z Preparing to unpack .../163-libsndio7.0_1.9.0-0.3build3_amd64.deb ...
2025-09-07T15:08:00.2222077Z Unpacking libsndio7.0:amd64 (1.9.0-0.3build3) ...
2025-09-07T15:08:00.2438011Z Selecting previously unselected package libsoundtouch1:amd64.
2025-09-07T15:08:00.2571127Z Preparing to unpack .../164-libsoundtouch1_2.3.2+ds1-1build1_amd64.deb ...
2025-09-07T15:08:00.2579330Z Unpacking libsoundtouch1:amd64 (2.3.2+ds1-1build1) ...
2025-09-07T15:08:00.2803609Z Selecting previously unselected package libspandsp2t64:amd64.
2025-09-07T15:08:00.2936736Z Preparing to unpack .../165-libspandsp2t64_0.0.6+dfsg-2.1build1_amd64.deb ...
2025-09-07T15:08:00.2945802Z Unpacking libspandsp2t64:amd64 (0.0.6+dfsg-2.1build1) ...
2025-09-07T15:08:00.3196551Z Selecting previously unselected package libsrtp2-1:amd64.
2025-09-07T15:08:00.3329068Z Preparing to unpack .../166-libsrtp2-1_2.5.0-3build1_amd64.deb ...
2025-09-07T15:08:00.3339227Z Unpacking libsrtp2-1:amd64 (2.5.0-3build1) ...
2025-09-07T15:08:00.3555276Z Selecting previously unselected package libwildmidi2:amd64.
2025-09-07T15:08:00.3687805Z Preparing to unpack .../167-libwildmidi2_0.4.3-1build3_amd64.deb ...
2025-09-07T15:08:00.3699697Z Unpacking libwildmidi2:amd64 (0.4.3-1build3) ...
2025-09-07T15:08:00.3919294Z Selecting previously unselected package libwoff1:amd64.
2025-09-07T15:08:00.4066428Z Preparing to unpack .../168-libwoff1_1.0.2-2build1_amd64.deb ...
2025-09-07T15:08:00.4143691Z Unpacking libwoff1:amd64 (1.0.2-2build1) ...
2025-09-07T15:08:00.4496336Z Selecting previously unselected package libxcb-xkb1:amd64.
2025-09-07T15:08:00.4630177Z Preparing to unpack .../169-libxcb-xkb1_1.15-1ubuntu2_amd64.deb ...
2025-09-07T15:08:00.4638251Z Unpacking libxcb-xkb1:amd64 (1.15-1ubuntu2) ...
2025-09-07T15:08:00.4867941Z Selecting previously unselected package libxkbcommon-x11-0:amd64.
2025-09-07T15:08:00.5002094Z Preparing to unpack .../170-libxkbcommon-x11-0_1.6.0-1build1_amd64.deb ...
2025-09-07T15:08:00.5010038Z Unpacking libxkbcommon-x11-0:amd64 (1.6.0-1build1) ...
2025-09-07T15:08:00.5229658Z Selecting previously unselected package libzbar0t64:amd64.
2025-09-07T15:08:00.5361988Z Preparing to unpack .../171-libzbar0t64_0.23.93-4build3_amd64.deb ...
2025-09-07T15:08:00.5371957Z Unpacking libzbar0t64:amd64 (0.23.93-4build3) ...
2025-09-07T15:08:00.5598725Z Selecting previously unselected package libzxing3:amd64.
2025-09-07T15:08:00.5730871Z Preparing to unpack .../172-libzxing3_2.2.1-3_amd64.deb ...
2025-09-07T15:08:00.5742109Z Unpacking libzxing3:amd64 (2.2.1-3) ...
2025-09-07T15:08:00.6011591Z Selecting previously unselected package xfonts-encodings.
2025-09-07T15:08:00.6145349Z Preparing to unpack .../173-xfonts-encodings_1%3a1.0.5-0ubuntu2_all.deb ...
2025-09-07T15:08:00.6153625Z Unpacking xfonts-encodings (1:1.0.5-0ubuntu2) ...
2025-09-07T15:08:00.6456489Z Selecting previously unselected package xfonts-utils.
2025-09-07T15:08:00.6589007Z Preparing to unpack .../174-xfonts-utils_1%3a7.7+6build3_amd64.deb ...
2025-09-07T15:08:00.6597010Z Unpacking xfonts-utils (1:7.7+6build3) ...
2025-09-07T15:08:00.8704024Z Selecting previously unselected package xfonts-cyrillic.
2025-09-07T15:08:00.8836270Z Preparing to unpack .../175-xfonts-cyrillic_1%3a1.0.5+nmu1_all.deb ...
2025-09-07T15:08:00.8844065Z Unpacking xfonts-cyrillic (1:1.0.5+nmu1) ...
2025-09-07T15:08:00.9199926Z Selecting previously unselected package xfonts-scalable.
2025-09-07T15:08:00.9331880Z Preparing to unpack .../176-xfonts-scalable_1%3a1.0.3-1.3_all.deb ...
2025-09-07T15:08:00.9341303Z Unpacking xfonts-scalable (1:1.0.3-1.3) ...
2025-09-07T15:08:00.9594160Z Selecting previously unselected package libgstreamer-plugins-bad1.0-0:amd64.
2025-09-07T15:08:00.9726324Z Preparing to unpack .../177-libgstreamer-plugins-bad1.0-0_1.24.2-1ubuntu4_amd64.deb ...
2025-09-07T15:08:00.9733618Z Unpacking libgstreamer-plugins-bad1.0-0:amd64 (1.24.2-1ubuntu4) ...
2025-09-07T15:08:01.0103200Z Selecting previously unselected package libdca0:amd64.
2025-09-07T15:08:01.0235245Z Preparing to unpack .../178-libdca0_0.0.7-2build1_amd64.deb ...
2025-09-07T15:08:01.0244035Z Unpacking libdca0:amd64 (0.0.7-2build1) ...
2025-09-07T15:08:01.0476590Z Selecting previously unselected package libopenal1:amd64.
2025-09-07T15:08:01.0608325Z Preparing to unpack .../179-libopenal1_1%3a1.23.1-4build1_amd64.deb ...
2025-09-07T15:08:01.0618645Z Unpacking libopenal1:amd64 (1:1.23.1-4build1) ...
2025-09-07T15:08:01.0889430Z Selecting previously unselected package libsbc1:amd64.
2025-09-07T15:08:01.1021941Z Preparing to unpack .../180-libsbc1_2.0-1build1_amd64.deb ...
2025-09-07T15:08:01.1030901Z Unpacking libsbc1:amd64 (2.0-1build1) ...
2025-09-07T15:08:01.1243881Z Selecting previously unselected package libvo-aacenc0:amd64.
2025-09-07T15:08:01.1375025Z Preparing to unpack .../181-libvo-aacenc0_0.1.3-2build1_amd64.deb ...
2025-09-07T15:08:01.1382862Z Unpacking libvo-aacenc0:amd64 (0.1.3-2build1) ...
2025-09-07T15:08:01.1599833Z Selecting previously unselected package libvo-amrwbenc0:amd64.
2025-09-07T15:08:01.1730410Z Preparing to unpack .../182-libvo-amrwbenc0_0.1.3-2build1_amd64.deb ...
2025-09-07T15:08:01.1738844Z Unpacking libvo-amrwbenc0:amd64 (0.1.3-2build1) ...
2025-09-07T15:08:01.1951328Z Selecting previously unselected package gstreamer1.0-plugins-bad:amd64.
2025-09-07T15:08:01.2080563Z Preparing to unpack .../183-gstreamer1.0-plugins-bad_1.24.2-1ubuntu4_amd64.deb ...
2025-09-07T15:08:01.2089598Z Unpacking gstreamer1.0-plugins-bad:amd64 (1.24.2-1ubuntu4) ...
2025-09-07T15:08:01.5542396Z Setting up libgme0:amd64 (0.6.3-7build1) ...
2025-09-07T15:08:01.5572922Z Setting up libchromaprint1:amd64 (1.5.1-5) ...
2025-09-07T15:08:01.5592770Z Setting up libssh-gcrypt-4:amd64 (0.10.6-2ubuntu0.1) ...
2025-09-07T15:08:01.5619773Z Setting up libhwy1t64:amd64 (1.0.7-8.1build1) ...
2025-09-07T15:08:01.5645208Z Setting up libcairo-script-interpreter2:amd64 (1.18.0-3build1) ...
2025-09-07T15:08:01.5669054Z Setting up libfreeaptx0:amd64 (0.1.1-2build1) ...
2025-09-07T15:08:01.5693979Z Setting up libdvdread8t64:amd64 (6.1.3-1.1build1) ...
2025-09-07T15:08:01.5714486Z Setting up libudfread0:amd64 (1.1.2-1build1) ...
2025-09-07T15:08:01.5739714Z Setting up libmodplug1:amd64 (1:0.8.9.0-3build1) ...
2025-09-07T15:08:01.5765373Z Setting up libcdparanoia0:amd64 (3.10.2+debian-14build3) ...
2025-09-07T15:08:01.5791017Z Setting up libvo-amrwbenc0:amd64 (0.1.3-2build1) ...
2025-09-07T15:08:01.5812150Z Setting up session-migration (0.3.9build1) ...
2025-09-07T15:08:01.6998917Z Created symlink /etc/systemd/user/graphical-session-pre.target.wants/session-migration.service → /usr/lib/systemd/user/session-migration.service.
2025-09-07T15:08:01.6999503Z 
2025-09-07T15:08:01.7029923Z Setting up libraw1394-11:amd64 (2.1.2-2build3) ...
2025-09-07T15:08:01.7053037Z Setting up libsbc1:amd64 (2.0-1build1) ...
2025-09-07T15:08:01.7081895Z Setting up libproxy1v5:amd64 (0.5.4-4build1) ...
2025-09-07T15:08:01.7116439Z Setting up libneon27t64:amd64 (0.33.0-1.1build3) ...
2025-09-07T15:08:01.7138572Z Setting up libtag1v5-vanilla:amd64 (1.13.1-1build1) ...
2025-09-07T15:08:01.7157809Z Setting up libharfbuzz-icu0:amd64 (8.3.0-2build2) ...
2025-09-07T15:08:01.7180337Z Setting up libopenni2-0:amd64 (2.2.0.33+dfsg-18) ...
2025-09-07T15:08:01.7349158Z Setting up libspeex1:amd64 (1.2.1-2ubuntu2.24.04.1) ...
2025-09-07T15:08:01.7370685Z Setting up libshine3:amd64 (3.1.1-2build1) ...
2025-09-07T15:08:01.7395953Z Setting up libcaca0:amd64 (0.99.beta20-4build2) ...
2025-09-07T15:08:01.7432326Z Setting up libvpl2 (2023.3.0-1build1) ...
2025-09-07T15:08:01.7459079Z Setting up libv4lconvert0t64:amd64 (1.26.1-4build3) ...
2025-09-07T15:08:01.7484409Z Setting up libx264-164:amd64 (2:0.164.3108+git31e19f9-1) ...
2025-09-07T15:08:01.7510390Z Setting up libtwolame0:amd64 (0.4.0-2build3) ...
2025-09-07T15:08:01.7534027Z Setting up libmbedcrypto7t64:amd64 (2.28.8-1) ...
2025-09-07T15:08:01.7556429Z Setting up libwoff1:amd64 (1.0.2-2build1) ...
2025-09-07T15:08:01.7596371Z Setting up liblc3-1:amd64 (1.0.4-3build1) ...
2025-09-07T15:08:01.7622202Z Setting up libqrencode4:amd64 (4.1.1-1build2) ...
2025-09-07T15:08:01.7651239Z Setting up libhyphen0:amd64 (2.8.8-7build3) ...
2025-09-07T15:08:01.7678030Z Setting up libgsm1:amd64 (1.0.22-1build1) ...
2025-09-07T15:08:01.7703627Z Setting up libvisual-0.4-0:amd64 (0.4.2-2build1) ...
2025-09-07T15:08:01.7730014Z Setting up libsoxr0:amd64 (0.1.3-4build3) ...
2025-09-07T15:08:01.7757299Z Setting up libzix-0-0:amd64 (0.4.2-2build1) ...
2025-09-07T15:08:01.7782738Z Setting up libcodec2-1.2:amd64 (1.2.0-2build1) ...
2025-09-07T15:08:01.7807042Z Setting up libmanette-0.2-0:amd64 (0.2.7-1build2) ...
2025-09-07T15:08:01.7828555Z Setting up libsrtp2-1:amd64 (2.5.0-3build1) ...
2025-09-07T15:08:01.7849207Z Setting up libmysofa1:amd64 (1.3.2+dfsg-2ubuntu2) ...
2025-09-07T15:08:01.7874872Z Setting up libraptor2-0:amd64 (2.0.16-3ubuntu0.1) ...
2025-09-07T15:08:01.7900111Z Setting up libldacbt-enc2:amd64 (2.0.2.3+git20200429+ed310a0-4ubuntu2) ...
2025-09-07T15:08:01.7926079Z Setting up fonts-wqy-zenhei (0.9.45-8) ...
2025-09-07T15:08:01.8059587Z Setting up libwebrtc-audio-processing1:amd64 (0.3.1-0ubuntu6) ...
2025-09-07T15:08:01.8086958Z Setting up fonts-freefont-ttf (20211204+svn4273-2) ...
2025-09-07T15:08:01.8114342Z Setting up libevent-2.1-7t64:amd64 (2.1.12-stable-9ubuntu2) ...
2025-09-07T15:08:01.8137644Z Setting up libsvtav1enc1d1:amd64 (1.7.0+dfsg-2build1) ...
2025-09-07T15:08:01.8163586Z Setting up libsoup-3.0-common (3.4.4-5ubuntu0.5) ...
2025-09-07T15:08:01.8186441Z Setting up libmpg123-0t64:amd64 (1.32.5-1ubuntu1.1) ...
2025-09-07T15:08:01.8227303Z Setting up libcjson1:amd64 (1.7.17-1) ...
2025-09-07T15:08:01.8261595Z Setting up libxvidcore4:amd64 (2:1.3.7-1build1) ...
2025-09-07T15:08:01.8291501Z Setting up libmpcdec6:amd64 (2:0.1~r495-2build1) ...
2025-09-07T15:08:01.8315910Z Setting up libmjpegutils-2.1-0t64:amd64 (1:2.1.0+debian-8.1build1) ...
2025-09-07T15:08:01.8339520Z Setting up librav1e0:amd64 (0.7.1-2) ...
2025-09-07T15:08:01.8366223Z Setting up liborc-0.4-0t64:amd64 (1:0.4.38-1ubuntu0.1) ...
2025-09-07T15:08:01.8391809Z Setting up libxcb-xkb1:amd64 (1.15-1ubuntu2) ...
2025-09-07T15:08:01.8423730Z Setting up libvo-aacenc0:amd64 (0.1.3-2build1) ...
2025-09-07T15:08:01.8447499Z Setting up librist4:amd64 (0.2.10+dfsg-2) ...
2025-09-07T15:08:01.8470602Z Setting up librsvg2-2:amd64 (2.58.0+dfsg-1build1) ...
2025-09-07T15:08:01.8498091Z Setting up libblas3:amd64 (3.12.0-3build1.1) ...
2025-09-07T15:08:01.8559419Z update-alternatives: using /usr/lib/x86_64-linux-gnu/blas/libblas.so.3 to provide /usr/lib/x86_64-linux-gnu/libblas.so.3 (libblas.so.3-x86_64-linux-gnu) in auto mode
2025-09-07T15:08:01.8579616Z Setting up libsoundtouch1:amd64 (2.3.2+ds1-1build1) ...
2025-09-07T15:08:01.8605240Z Setting up libplacebo338:amd64 (6.338.2-2build1) ...
2025-09-07T15:08:01.8633155Z Setting up libgles2:amd64 (1.7.0-1build1) ...
2025-09-07T15:08:01.8660821Z Setting up fonts-tlwg-loma-otf (1:0.7.3-1) ...
2025-09-07T15:08:01.8690209Z Setting up libva2:amd64 (2.20.0-2build1) ...
2025-09-07T15:08:01.8716245Z Setting up libspa-0.2-modules:amd64 (1.0.5-1ubuntu3.1) ...
2025-09-07T15:08:01.8740383Z Setting up libzxing3:amd64 (2.2.1-3) ...
2025-09-07T15:08:01.8767514Z Setting up xfonts-encodings (1:1.0.5-0ubuntu2) ...
2025-09-07T15:08:01.8788411Z Setting up libopus0:amd64 (1.4-1build1) ...
2025-09-07T15:08:01.8816163Z Setting up libfaad2:amd64 (2.11.1-1build1) ...
2025-09-07T15:08:01.8848768Z Setting up libxkbcommon-x11-0:amd64 (1.6.0-1build1) ...
2025-09-07T15:08:01.8871875Z Setting up libdc1394-25:amd64 (2.2.6-4build1) ...
2025-09-07T15:08:01.8900609Z Setting up libimath-3-1-29t64:amd64 (3.1.9-3.1ubuntu2) ...
2025-09-07T15:08:01.8927479Z Setting up libunibreak5:amd64 (5.1-2build1) ...
2025-09-07T15:08:01.8954078Z Setting up libllvm20:amd64 (1:20.1.2-0ubuntu1~24.04.2) ...
2025-09-07T15:08:01.8977770Z Setting up libdv4t64:amd64 (1.0.0-17.1build1) ...
2025-09-07T15:08:01.9009361Z Setting up libjxl0.7:amd64 (0.7.0-10.2ubuntu6.1) ...
2025-09-07T15:08:01.9037381Z Setting up libopenh264-7:amd64 (2.4.1+dfsg-1) ...
2025-09-07T15:08:01.9061938Z Setting up libltc11:amd64 (1.3.2-1build1) ...
2025-09-07T15:08:01.9091235Z Setting up libx265-199:amd64 (3.5-2build1) ...
2025-09-07T15:08:01.9114957Z Setting up libv4l-0t64:amd64 (1.26.1-4build3) ...
2025-09-07T15:08:01.9138463Z Setting up libavtp0:amd64 (0.2.0-1build1) ...
2025-09-07T15:08:01.9166494Z Setting up libsndio7.0:amd64 (1.9.0-0.3build3) ...
2025-09-07T15:08:01.9188073Z Setting up libdirectfb-1.7-7t64:amd64 (1.7.7-11.1ubuntu2) ...
2025-09-07T15:08:01.9340715Z Setting up libspandsp2t64:amd64 (0.0.6+dfsg-2.1build1) ...
2025-09-07T15:08:01.9365103Z Setting up libvidstab1.1:amd64 (1.1.0-2build1) ...
2025-09-07T15:08:01.9394189Z Setting up libvpx9:amd64 (1.14.0-1ubuntu2.2) ...
2025-09-07T15:08:01.9417166Z Setting up libsrt1.5-gnutls:amd64 (1.5.3-1build2) ...
2025-09-07T15:08:01.9440265Z Setting up libtag1v5:amd64 (1.13.1-1build1) ...
2025-09-07T15:08:01.9460857Z Setting up libflite1:amd64 (2.2-6build3) ...
2025-09-07T15:08:01.9485161Z Setting up libdav1d7:amd64 (1.4.1-1build1) ...
2025-09-07T15:08:01.9510467Z Setting up libva-drm2:amd64 (2.20.0-2build1) ...
2025-09-07T15:08:01.9533890Z Setting up fonts-ipafont-gothic (00303-21ubuntu1) ...
2025-09-07T15:08:01.9600503Z update-alternatives: using /usr/share/fonts/opentype/ipafont-gothic/ipag.ttf to provide /usr/share/fonts/truetype/fonts-japanese-gothic.ttf (fonts-japanese-gothic.ttf) in auto mode
2025-09-07T15:08:01.9617699Z Setting up ocl-icd-libopencl1:amd64 (2.3.2-1build1) ...
2025-09-07T15:08:01.9637758Z Setting up libasyncns0:amd64 (0.8-6build4) ...
2025-09-07T15:08:01.9657960Z Setting up libwildmidi2:amd64 (0.4.3-1build3) ...
2025-09-07T15:08:01.9681589Z Setting up libvdpau1:amd64 (1.5-2build1) ...
2025-09-07T15:08:01.9710527Z Setting up libwavpack1:amd64 (5.6.0-1build1) ...
2025-09-07T15:08:01.9730629Z Setting up libbs2b0:amd64 (3.1.0+dfsg-7build1) ...
2025-09-07T15:08:01.9752966Z Setting up libtheora0:amd64 (1.1.1+dfsg.1-16.1build3) ...
2025-09-07T15:08:01.9773993Z Setting up libdecor-0-0:amd64 (0.2.2-1build2) ...
2025-09-07T15:08:01.9796923Z Setting up libdca0:amd64 (0.0.7-2build1) ...
2025-09-07T15:08:01.9819606Z Setting up libzimg2:amd64 (3.0.5+ds1-1build1) ...
2025-09-07T15:08:01.9840737Z Setting up libopenal-data (1:1.23.1-4build1) ...
2025-09-07T15:08:01.9873818Z Setting up libabsl20220623t64:amd64 (20220623.1-3.1ubuntu3.2) ...
2025-09-07T15:08:01.9895745Z Setting up libflac12t64:amd64 (1.4.3+ds-2.1ubuntu2) ...
2025-09-07T15:08:01.9915918Z Setting up libgtk-4-common (4.14.5+ds-0ubuntu0.5) ...
2025-09-07T15:08:01.9938894Z Setting up libmpeg2encpp-2.1-0t64:amd64 (1:2.1.0+debian-8.1build1) ...
2025-09-07T15:08:01.9958807Z Setting up glib-networking-common (2.80.0-1build1) ...
2025-09-07T15:08:01.9981549Z Setting up libmfx1:amd64 (22.5.4-1) ...
2025-09-07T15:08:02.0004949Z Setting up libbluray2:amd64 (1:1.3.4-1build1) ...
2025-09-07T15:08:02.0027808Z Setting up libsamplerate0:amd64 (0.2.2-4build1) ...
2025-09-07T15:08:02.0048989Z Setting up timgm6mb-soundfont (1.3-5) ...
2025-09-07T15:08:02.0137473Z update-alternatives: using /usr/share/sounds/sf2/TimGM6mb.sf2 to provide /usr/share/sounds/sf2/default-GM.sf2 (default-GM.sf2) in auto mode
2025-09-07T15:08:02.0178236Z update-alternatives: using /usr/share/sounds/sf2/TimGM6mb.sf2 to provide /usr/share/sounds/sf3/default-GM.sf3 (default-GM.sf3) in auto mode
2025-09-07T15:08:02.0195899Z Setting up libva-x11-2:amd64 (2.20.0-2build1) ...
2025-09-07T15:08:02.0222714Z Setting up libyuv0:amd64 (0.0~git202401110.af6ac82-1) ...
2025-09-07T15:08:02.0245876Z Setting up libmplex2-2.1-0t64:amd64 (1:2.1.0+debian-8.1build1) ...
2025-09-07T15:08:02.0269252Z Setting up libpipewire-0.3-0t64:amd64 (1.0.5-1ubuntu3.1) ...
2025-09-07T15:08:02.0297847Z Setting up libopenmpt0t64:amd64 (0.7.3-1.1build3) ...
2025-09-07T15:08:02.0323456Z Setting up libzvbi-common (0.2.42-2) ...
2025-09-07T15:08:02.0348457Z Setting up libsecret-common (0.21.4-1build3) ...
2025-09-07T15:08:02.0375074Z Setting up libmp3lame0:amd64 (3.100-6build1) ...
2025-09-07T15:08:02.0399739Z Setting up libgraphene-1.0-0:amd64 (1.10.8-3build2) ...
2025-09-07T15:08:02.0423146Z Setting up libvorbisenc2:amd64 (1.3.7-1build3) ...
2025-09-07T15:08:02.0464452Z Setting up libdvdnav4:amd64 (6.1.1-3build1) ...
2025-09-07T15:08:02.0487754Z Setting up fonts-unifont (1:15.1.01-1build1) ...
2025-09-07T15:08:02.0517481Z Setting up libaa1:amd64 (1.4p5-51.1) ...
2025-09-07T15:08:02.0549379Z Setting up libiec61883-0:amd64 (1.2.0-6build1) ...
2025-09-07T15:08:02.0572941Z Setting up libserd-0-0:amd64 (0.32.2-1) ...
2025-09-07T15:08:02.0598000Z Setting up libavc1394-0:amd64 (0.5.4-5build3) ...
2025-09-07T15:08:02.0632206Z Setting up gsettings-desktop-schemas (46.1-0ubuntu1) ...
2025-09-07T15:08:02.0655153Z Setting up glib-networking-services (2.80.0-1build1) ...
2025-09-07T15:08:02.0682237Z Setting up mesa-libgallium:amd64 (25.0.7-0ubuntu0.24.04.2) ...
2025-09-07T15:08:02.0706827Z Setting up liblapack3:amd64 (3.12.0-3build1.1) ...
2025-09-07T15:08:02.0764858Z update-alternatives: using /usr/lib/x86_64-linux-gnu/lapack/liblapack.so.3 to provide /usr/lib/x86_64-linux-gnu/liblapack.so.3 (liblapack.so.3-x86_64-linux-gnu) in auto mode
2025-09-07T15:08:02.0783012Z Setting up libzvbi0t64:amd64 (0.2.42-2) ...
2025-09-07T15:08:02.0809326Z Setting up libgbm1:amd64 (25.0.7-0ubuntu0.24.04.2) ...
2025-09-07T15:08:02.0828931Z Setting up liblrdf0:amd64 (0.6.1-4build1) ...
2025-09-07T15:08:02.0850354Z Setting up libgl1-mesa-dri:amd64 (25.0.7-0ubuntu0.24.04.2) ...
2025-09-07T15:08:02.0927250Z Setting up libzbar0t64:amd64 (0.23.93-4build3) ...
2025-09-07T15:08:02.0952233Z Setting up libgstreamer-plugins-base1.0-0:amd64 (1.24.2-1ubuntu0.3) ...
2025-09-07T15:08:02.0972010Z Setting up libavutil58:amd64 (7:6.1.1-3ubuntu5) ...
2025-09-07T15:08:02.0992839Z Setting up libopenal1:amd64 (1:1.23.1-4build1) ...
2025-09-07T15:08:02.1017258Z Setting up xfonts-utils (1:7.7+6build3) ...
2025-09-07T15:08:02.1058428Z Setting up libsecret-1-0:amd64 (0.21.4-1build3) ...
2025-09-07T15:08:02.1077951Z Setting up libgstreamer-plugins-good1.0-0:amd64 (1.24.2-1ubuntu1.2) ...
2025-09-07T15:08:02.1106842Z Setting up libegl-mesa0:amd64 (25.0.7-0ubuntu0.24.04.2) ...
2025-09-07T15:08:02.1128311Z Setting up gstreamer1.0-plugins-base:amd64 (1.24.2-1ubuntu0.3) ...
2025-09-07T15:08:02.1151764Z Setting up libass9:amd64 (1:0.17.1-2build1) ...
2025-09-07T15:08:02.1176639Z Setting up libswresample4:amd64 (7:6.1.1-3ubuntu5) ...
2025-09-07T15:08:02.1198372Z Setting up libopenexr-3-1-30:amd64 (3.1.5-5.1build3) ...
2025-09-07T15:08:02.1221420Z Setting up libshout3:amd64 (2.4.6-1build2) ...
2025-09-07T15:08:02.1249296Z Setting up libgav1-1:amd64 (0.18.0-1build3) ...
2025-09-07T15:08:02.1273445Z Setting up libavcodec60:amd64 (7:6.1.1-3ubuntu5) ...
2025-09-07T15:08:02.1297522Z Setting up librubberband2:amd64 (3.3.0+dfsg-2build1) ...
2025-09-07T15:08:02.1323907Z Setting up libjack-jackd2-0:amd64 (1.9.21~dfsg-3ubuntu3) ...
2025-09-07T15:08:02.1344710Z Setting up libsord-0-0:amd64 (0.16.16-2build1) ...
2025-09-07T15:08:02.1375831Z Setting up xfonts-cyrillic (1:1.0.5+nmu1) ...
2025-09-07T15:08:02.2350696Z Setting up libpostproc57:amd64 (7:6.1.1-3ubuntu5) ...
2025-09-07T15:08:02.2376577Z Setting up libsratom-0-0:amd64 (0.6.16-1build1) ...
2025-09-07T15:08:02.2396491Z Setting up libegl1:amd64 (1.7.0-1build1) ...
2025-09-07T15:08:02.2418684Z Setting up libsndfile1:amd64 (1.2.2-1ubuntu5.24.04.1) ...
2025-09-07T15:08:02.2444486Z Setting up liblilv-0-0:amd64 (0.24.22-1build1) ...
2025-09-07T15:08:02.2470751Z Setting up libinstpatch-1.0-2:amd64 (1.1.6-1build2) ...
2025-09-07T15:08:02.2492675Z Setting up xfonts-scalable (1:1.0.3-1.3) ...
2025-09-07T15:08:02.2947462Z Setting up libswscale7:amd64 (7:6.1.1-3ubuntu5) ...
2025-09-07T15:08:02.2976318Z Setting up libavif16:amd64 (1.0.4-1ubuntu3) ...
2025-09-07T15:08:02.3128892Z Setting up libglx-mesa0:amd64 (25.0.7-0ubuntu0.24.04.2) ...
2025-09-07T15:08:02.3150998Z Setting up libpulse0:amd64 (1:16.1+dfsg1-2ubuntu10.1) ...
2025-09-07T15:08:02.3235935Z Setting up libavformat60:amd64 (7:6.1.1-3ubuntu5) ...
2025-09-07T15:08:02.3259448Z Setting up libsphinxbase3t64:amd64 (0.8+5prealpha+1-17build2) ...
2025-09-07T15:08:02.3284277Z Setting up libgstreamer-gl1.0-0:amd64 (1.24.2-1ubuntu0.3) ...
2025-09-07T15:08:02.3311217Z Setting up libsdl2-2.0-0:amd64 (2.30.0+dfsg-1ubuntu3.1) ...
2025-09-07T15:08:02.3338534Z Setting up libfluidsynth3:amd64 (2.3.4-1build3) ...
2025-09-07T15:08:02.3365067Z Setting up libpocketsphinx3:amd64 (0.8.0+real5prealpha+1-15ubuntu5) ...
2025-09-07T15:08:02.3388772Z Setting up libavfilter9:amd64 (7:6.1.1-3ubuntu5) ...
2025-09-07T15:08:02.3415613Z Setting up gstreamer1.0-libav:amd64 (1.24.1-1build1) ...
2025-09-07T15:08:02.3722736Z Processing triggers for fontconfig (2.15.0-1.1ubuntu2) ...
2025-09-07T15:08:02.7707211Z Processing triggers for libc-bin (2.39-0ubuntu8.5) ...
2025-09-07T15:08:06.5104949Z Processing triggers for man-db (2.12.0-4build2) ...
2025-09-07T15:09:53.6543161Z Processing triggers for libglib2.0-0t64:amd64 (2.80.0-6ubuntu3.4) ...
2025-09-07T15:09:53.7359302Z Setting up libgtk-4-1:amd64 (4.14.5+ds-0ubuntu0.5) ...
2025-09-07T15:09:53.9032085Z Setting up glib-networking:amd64 (2.80.0-1build1) ...
2025-09-07T15:09:53.9073001Z Setting up libsoup-3.0-0:amd64 (3.4.4-5ubuntu0.5) ...
2025-09-07T15:09:53.9104488Z Setting up libgssdp-1.6-0:amd64 (1.6.3-1build3) ...
2025-09-07T15:09:53.9180303Z Setting up gstreamer1.0-plugins-good:amd64 (1.24.2-1ubuntu1.2) ...
2025-09-07T15:09:53.9211473Z Setting up libgupnp-1.6-0:amd64 (1.6.6-1build3) ...
2025-09-07T15:09:53.9297317Z Setting up libgupnp-igd-1.6-0:amd64 (1.6.0-3build3) ...
2025-09-07T15:09:53.9333632Z Setting up libnice10:amd64 (0.1.21-2build3) ...
2025-09-07T15:09:53.9385064Z Setting up libgstreamer-plugins-bad1.0-0:amd64 (1.24.2-1ubuntu4) ...
2025-09-07T15:09:53.9429017Z Setting up gstreamer1.0-plugins-bad:amd64 (1.24.2-1ubuntu4) ...
2025-09-07T15:09:53.9456592Z Processing triggers for libc-bin (2.39-0ubuntu8.5) ...
2025-09-07T15:09:56.0468739Z 
2025-09-07T15:09:56.0469306Z Running kernel seems to be up-to-date.
2025-09-07T15:09:56.0470320Z 
2025-09-07T15:09:56.0470860Z Restarting services...
2025-09-07T15:09:56.0539380Z 
2025-09-07T15:09:56.0539814Z Service restarts being deferred:
2025-09-07T15:09:56.0542936Z  systemctl restart hosted-compute-agent.service
2025-09-07T15:09:56.0543262Z 
2025-09-07T15:09:56.0543495Z No containers need to be restarted.
2025-09-07T15:09:56.0543718Z 
2025-09-07T15:09:56.0546123Z No user sessions are running outdated binaries.
2025-09-07T15:09:56.0546499Z 
2025-09-07T15:09:56.0546995Z No VM guests are running outdated hypervisor (qemu) binaries on this host.
2025-09-07T15:09:56.8494050Z Downloading Chromium 140.0.7339.16 (playwright build v1187) from https://cdn.playwright.dev/dbazure/download/playwright/builds/chromium/1187/chromium-linux.zip
2025-09-07T15:09:57.1504830Z |                                                                                |   0% of 173.7 MiB
2025-09-07T15:09:57.4535690Z |■■■■■■■■                                                                        |  10% of 173.7 MiB
2025-09-07T15:09:57.6888024Z |■■■■■■■■■■■■■■■■                                                                |  20% of 173.7 MiB
2025-09-07T15:09:57.8595717Z |■■■■■■■■■■■■■■■■■■■■■■■■                                                        |  30% of 173.7 MiB
2025-09-07T15:09:58.0250719Z |■■■■■■■■■■■■■■■■■■■■■■■■■■■■■■■■                                                |  40% of 173.7 MiB
2025-09-07T15:09:58.2369424Z |■■■■■■■■■■■■■■■■■■■■■■■■■■■■■■■■■■■■■■■■                                        |  50% of 173.7 MiB
2025-09-07T15:09:58.4234705Z |■■■■■■■■■■■■■■■■■■■■■■■■■■■■■■■■■■■■■■■■■■■■■■■■                                |  60% of 173.7 MiB
2025-09-07T15:09:58.5930079Z |■■■■■■■■■■■■■■■■■■■■■■■■■■■■■■■■■■■■■■■■■■■■■■■■■■■■■■■■                        |  70% of 173.7 MiB
2025-09-07T15:09:58.7968714Z |■■■■■■■■■■■■■■■■■■■■■■■■■■■■■■■■■■■■■■■■■■■■■■■■■■■■■■■■■■■■■■■■                |  80% of 173.7 MiB
2025-09-07T15:09:58.9854109Z |■■■■■■■■■■■■■■■■■■■■■■■■■■■■■■■■■■■■■■■■■■■■■■■■■■■■■■■■■■■■■■■■■■■■■■■■        |  90% of 173.7 MiB
2025-09-07T15:09:59.1588100Z |■■■■■■■■■■■■■■■■■■■■■■■■■■■■■■■■■■■■■■■■■■■■■■■■■■■■■■■■■■■■■■■■■■■■■■■■■■■■■■■■| 100% of 173.7 MiB
2025-09-07T15:10:02.9730973Z Chromium 140.0.7339.16 (playwright build v1187) downloaded to /home/runner/.cache/ms-playwright/chromium-1187
2025-09-07T15:10:02.9734439Z Downloading Chromium Headless Shell 140.0.7339.16 (playwright build v1187) from https://cdn.playwright.dev/dbazure/download/playwright/builds/chromium/1187/chromium-headless-shell-linux.zip
2025-09-07T15:10:03.2873418Z |                                                                                |   0% of 104.3 MiB
2025-09-07T15:10:03.5164936Z |■■■■■■■■                                                                        |  10% of 104.3 MiB
2025-09-07T15:10:03.5973175Z |■■■■■■■■■■■■■■■■                                                                |  20% of 104.3 MiB
2025-09-07T15:10:03.6891915Z |■■■■■■■■■■■■■■■■■■■■■■■■                                                        |  30% of 104.3 MiB
2025-09-07T15:10:03.7741300Z |■■■■■■■■■■■■■■■■■■■■■■■■■■■■■■■■                                                |  40% of 104.3 MiB
2025-09-07T15:10:03.8667532Z |■■■■■■■■■■■■■■■■■■■■■■■■■■■■■■■■■■■■■■■■                                        |  50% of 104.3 MiB
2025-09-07T15:10:03.9602392Z |■■■■■■■■■■■■■■■■■■■■■■■■■■■■■■■■■■■■■■■■■■■■■■■■                                |  60% of 104.3 MiB
2025-09-07T15:10:04.0411764Z |■■■■■■■■■■■■■■■■■■■■■■■■■■■■■■■■■■■■■■■■■■■■■■■■■■■■■■■■                        |  70% of 104.3 MiB
2025-09-07T15:10:04.1392294Z |■■■■■■■■■■■■■■■■■■■■■■■■■■■■■■■■■■■■■■■■■■■■■■■■■■■■■■■■■■■■■■■■                |  80% of 104.3 MiB
2025-09-07T15:10:04.2456620Z |■■■■■■■■■■■■■■■■■■■■■■■■■■■■■■■■■■■■■■■■■■■■■■■■■■■■■■■■■■■■■■■■■■■■■■■■        |  90% of 104.3 MiB
2025-09-07T15:10:04.3303893Z |■■■■■■■■■■■■■■■■■■■■■■■■■■■■■■■■■■■■■■■■■■■■■■■■■■■■■■■■■■■■■■■■■■■■■■■■■■■■■■■■| 100% of 104.3 MiB
2025-09-07T15:10:06.3571903Z Chromium Headless Shell 140.0.7339.16 (playwright build v1187) downloaded to /home/runner/.cache/ms-playwright/chromium_headless_shell-1187
2025-09-07T15:10:06.3573794Z Downloading Firefox 141.0 (playwright build v1490) from https://cdn.playwright.dev/dbazure/download/playwright/builds/firefox/1490/firefox-ubuntu-24.04.zip
2025-09-07T15:10:06.6059591Z |                                                                                |   0% of 96 MiB
2025-09-07T15:10:07.3817938Z |■■■■■■■■                                                                        |  10% of 96 MiB
2025-09-07T15:10:07.6361205Z |■■■■■■■■■■■■■■■■                                                                |  20% of 96 MiB
2025-09-07T15:10:07.8312884Z |■■■■■■■■■■■■■■■■■■■■■■■■                                                        |  30% of 96 MiB
2025-09-07T15:10:07.9254375Z |■■■■■■■■■■■■■■■■■■■■■■■■■■■■■■■■                                                |  40% of 96 MiB
2025-09-07T15:10:08.2004246Z |■■■■■■■■■■■■■■■■■■■■■■■■■■■■■■■■■■■■■■■■                                        |  50% of 96 MiB
2025-09-07T15:10:08.3438905Z |■■■■■■■■■■■■■■■■■■■■■■■■■■■■■■■■■■■■■■■■■■■■■■■■                                |  60% of 96 MiB
2025-09-07T15:10:08.5277017Z |■■■■■■■■■■■■■■■■■■■■■■■■■■■■■■■■■■■■■■■■■■■■■■■■■■■■■■■■                        |  70% of 96 MiB
2025-09-07T15:10:08.7115364Z |■■■■■■■■■■■■■■■■■■■■■■■■■■■■■■■■■■■■■■■■■■■■■■■■■■■■■■■■■■■■■■■■                |  80% of 96 MiB
2025-09-07T15:10:08.9328586Z |■■■■■■■■■■■■■■■■■■■■■■■■■■■■■■■■■■■■■■■■■■■■■■■■■■■■■■■■■■■■■■■■■■■■■■■■        |  90% of 96 MiB
2025-09-07T15:10:09.2018829Z |■■■■■■■■■■■■■■■■■■■■■■■■■■■■■■■■■■■■■■■■■■■■■■■■■■■■■■■■■■■■■■■■■■■■■■■■■■■■■■■■| 100% of 96 MiB
2025-09-07T15:10:11.1097363Z Firefox 141.0 (playwright build v1490) downloaded to /home/runner/.cache/ms-playwright/firefox-1490
2025-09-07T15:10:11.1100089Z Downloading Webkit 26.0 (playwright build v2203) from https://cdn.playwright.dev/dbazure/download/playwright/builds/webkit/2203/webkit-ubuntu-24.04.zip
2025-09-07T15:10:11.3701993Z |                                                                                |   0% of 94.2 MiB
2025-09-07T15:10:11.4908918Z |■■■■■■■■                                                                        |  10% of 94.2 MiB
2025-09-07T15:10:11.5736161Z |■■■■■■■■■■■■■■■■                                                                |  20% of 94.2 MiB
2025-09-07T15:10:11.6438482Z |■■■■■■■■■■■■■■■■■■■■■■■■                                                        |  30% of 94.2 MiB
2025-09-07T15:10:11.7047287Z |■■■■■■■■■■■■■■■■■■■■■■■■■■■■■■■■                                                |  40% of 94.2 MiB
2025-09-07T15:10:11.7531926Z |■■■■■■■■■■■■■■■■■■■■■■■■■■■■■■■■■■■■■■■■                                        |  50% of 94.2 MiB
2025-09-07T15:10:11.8078847Z |■■■■■■■■■■■■■■■■■■■■■■■■■■■■■■■■■■■■■■■■■■■■■■■■                                |  60% of 94.2 MiB
2025-09-07T15:10:11.8621785Z |■■■■■■■■■■■■■■■■■■■■■■■■■■■■■■■■■■■■■■■■■■■■■■■■■■■■■■■■                        |  70% of 94.2 MiB
2025-09-07T15:10:11.9132714Z |■■■■■■■■■■■■■■■■■■■■■■■■■■■■■■■■■■■■■■■■■■■■■■■■■■■■■■■■■■■■■■■■                |  80% of 94.2 MiB
2025-09-07T15:10:11.9892087Z |■■■■■■■■■■■■■■■■■■■■■■■■■■■■■■■■■■■■■■■■■■■■■■■■■■■■■■■■■■■■■■■■■■■■■■■■        |  90% of 94.2 MiB
2025-09-07T15:10:12.0362668Z |■■■■■■■■■■■■■■■■■■■■■■■■■■■■■■■■■■■■■■■■■■■■■■■■■■■■■■■■■■■■■■■■■■■■■■■■■■■■■■■■| 100% of 94.2 MiB
2025-09-07T15:10:13.9303101Z Webkit 26.0 (playwright build v2203) downloaded to /home/runner/.cache/ms-playwright/webkit-2203
2025-09-07T15:10:13.9304893Z Downloading FFMPEG playwright build v1011 from https://cdn.playwright.dev/dbazure/download/playwright/builds/ffmpeg/1011/ffmpeg-linux.zip
2025-09-07T15:10:14.1881172Z |                                                                                |   0% of 2.3 MiB
2025-09-07T15:10:14.2443800Z |■■■■■■■■                                                                        |  10% of 2.3 MiB
2025-09-07T15:10:14.2662853Z |■■■■■■■■■■■■■■■■                                                                |  20% of 2.3 MiB
2025-09-07T15:10:14.2808113Z |■■■■■■■■■■■■■■■■■■■■■■■■                                                        |  30% of 2.3 MiB
2025-09-07T15:10:14.2908657Z |■■■■■■■■■■■■■■■■■■■■■■■■■■■■■■■■                                                |  40% of 2.3 MiB
2025-09-07T15:10:14.3014066Z |■■■■■■■■■■■■■■■■■■■■■■■■■■■■■■■■■■■■■■■■                                        |  50% of 2.3 MiB
2025-09-07T15:10:14.3150606Z |■■■■■■■■■■■■■■■■■■■■■■■■■■■■■■■■■■■■■■■■■■■■■■■■                                |  60% of 2.3 MiB
2025-09-07T15:10:14.3390433Z |■■■■■■■■■■■■■■■■■■■■■■■■■■■■■■■■■■■■■■■■■■■■■■■■■■■■■■■■                        |  70% of 2.3 MiB
2025-09-07T15:10:14.3520185Z |■■■■■■■■■■■■■■■■■■■■■■■■■■■■■■■■■■■■■■■■■■■■■■■■■■■■■■■■■■■■■■■■                |  80% of 2.3 MiB
2025-09-07T15:10:14.3558620Z |■■■■■■■■■■■■■■■■■■■■■■■■■■■■■■■■■■■■■■■■■■■■■■■■■■■■■■■■■■■■■■■■■■■■■■■■        |  90% of 2.3 MiB
2025-09-07T15:10:14.3592739Z |■■■■■■■■■■■■■■■■■■■■■■■■■■■■■■■■■■■■■■■■■■■■■■■■■■■■■■■■■■■■■■■■■■■■■■■■■■■■■■■■| 100% of 2.3 MiB
2025-09-07T15:10:14.4255234Z FFMPEG playwright build v1011 downloaded to /home/runner/.cache/ms-playwright/ffmpeg-1011
2025-09-07T15:10:14.8024953Z ##[group]Run npm run test:ci
2025-09-07T15:10:14.8025269Z [36;1mnpm run test:ci[0m
2025-09-07T15:10:14.8056402Z shell: /usr/bin/bash -e {0}
2025-09-07T15:10:14.8056622Z env:
2025-09-07T15:10:14.8056818Z   APP_URL: http://localhost:3000
2025-09-07T15:10:14.8057054Z ##[endgroup]
2025-09-07T15:10:14.9361652Z npm error Missing script: "test:ci"
2025-09-07T15:10:14.9362198Z npm error
2025-09-07T15:10:14.9362651Z npm error To see a list of scripts, run:
2025-09-07T15:10:14.9363153Z npm error   npm run
2025-09-07T15:10:14.9380914Z npm error A complete log of this run can be found in: /home/runner/.npm/_logs/2025-09-07T15_10_14_865Z-debug-0.log
2025-09-07T15:10:14.9432886Z ##[error]Process completed with exit code 1.
2025-09-07T15:10:14.9539382Z Post job cleanup.
2025-09-07T15:10:15.0490502Z [command]/usr/bin/git version
2025-09-07T15:10:15.0526020Z git version 2.51.0
2025-09-07T15:10:15.0570569Z Temporarily overriding HOME='/home/runner/work/_temp/94fdd2a9-c62f-4fd9-a9a1-b625f612c057' before making global git config changes
2025-09-07T15:10:15.0572025Z Adding repository directory to the temporary git global config as a safe directory
2025-09-07T15:10:15.0577428Z [command]/usr/bin/git config --global --add safe.directory /home/runner/work/EthVault-QA-task1-jdw-PoW/EthVault-QA-task1-jdw-PoW
2025-09-07T15:10:15.0613272Z [command]/usr/bin/git config --local --name-only --get-regexp core\.sshCommand
2025-09-07T15:10:15.0646330Z [command]/usr/bin/git submodule foreach --recursive sh -c "git config --local --name-only --get-regexp 'core\.sshCommand' && git config --local --unset-all 'core.sshCommand' || :"
2025-09-07T15:10:15.0871384Z [command]/usr/bin/git config --local --name-only --get-regexp http\.https\:\/\/github\.com\/\.extraheader
2025-09-07T15:10:15.0894088Z http.https://github.com/.extraheader
2025-09-07T15:10:15.0906977Z [command]/usr/bin/git config --local --unset-all http.https://github.com/.extraheader
2025-09-07T15:10:15.0935321Z [command]/usr/bin/git submodule foreach --recursive sh -c "git config --local --name-only --get-regexp 'http\.https\:\/\/github\.com\/\.extraheader' && git config --local --unset-all 'http.https://github.com/.extraheader' || :"
2025-09-07T15:10:15.1254042Z Cleaning up orphan processes
